// Jest Snapshot v1, https://goo.gl/fbAQLP

exports[`<trigger> demo: render [align-point] correctly 1`] = `
"<div class=\\"demo-point-trigger\\">
  <div>Click Me</div>
</div>
<!---->"
`;

exports[`<trigger> demo: render [arrow] correctly 1`] = `
"<div class=\\"arco-space arco-space-horizontal arco-space-align-center\\">
  <!---->
  <div class=\\"arco-space-item\\" style=\\"margin-right: 8px;\\"><button class=\\"arco-btn arco-btn-secondary arco-btn-shape-square arco-btn-size-medium arco-btn-status-normal\\" type=\\"button\\">
      <!--v-if-->Click Me
    </button>
    <!---->
  </div>
  <!---->
  <div class=\\"arco-space-item\\"><button class=\\"arco-btn arco-btn-secondary arco-btn-shape-square arco-btn-size-medium arco-btn-status-normal\\" type=\\"button\\">
      <!--v-if-->Click Me (Arrow)
    </button>
    <!---->
  </div>
</div>"
`;

exports[`<trigger> demo: render [basic] correctly 1`] = `
"<div class=\\"arco-space arco-space-horizontal arco-space-align-center\\">
  <!---->
  <div class=\\"arco-space-item\\" style=\\"margin-right: 8px;\\"><span>Hover Me</span>
    <!---->
  </div>
  <!---->
  <div class=\\"arco-space-item\\" style=\\"margin-right: 8px;\\"><button class=\\"arco-btn arco-btn-secondary arco-btn-shape-square arco-btn-size-medium arco-btn-status-normal\\" type=\\"button\\">
      <!--v-if-->Click Me
    </button>
    <!---->
  </div>
  <!---->
  <div class=\\"arco-space-item\\"><span class=\\"arco-input-wrapper\\"><!----><input class=\\"arco-input arco-input-size-medium\\" type=\\"text\\" placeholder=\\"Focus on me\\"><!----><!----></span>
    <!---->
  </div>
</div>"
`;

exports[`<trigger> demo: render [nest] correctly 1`] = `
"<button class=\\"arco-btn arco-btn-secondary arco-btn-shape-square arco-btn-size-medium arco-btn-status-normal\\" type=\\"button\\">
  <!--v-if-->Click Me
</button>
<!---->"
`;

exports[`<trigger> demo: render [scroll] correctly 1`] = `
"<div style=\\"height: 100px; overflow-y: scroll;\\">
  <div style=\\"height: 200px;\\"><button class=\\"arco-btn arco-btn-secondary arco-btn-shape-square arco-btn-size-medium arco-btn-status-normal\\" type=\\"button\\" style=\\"margin-top: 80px;\\">
      <!--v-if-->Click Me
    </button>
    <!---->
  </div>
</div>"
`;

exports[`<trigger> demo: render [translate] correctly 1`] = `
"<div class=\\"arco-space arco-space-horizontal arco-space-align-center\\">
  <!---->
  <div class=\\"arco-space-item\\" style=\\"margin-right: 8px;\\"><button class=\\"arco-btn arco-btn-secondary arco-btn-shape-square arco-btn-size-medium arco-btn-status-normal\\" type=\\"button\\">
      <!--v-if-->BOTTOM
    </button>
    <!---->
  </div>
  <!---->
  <div class=\\"arco-space-item\\" style=\\"margin-right: 8px;\\"><button class=\\"arco-btn arco-btn-secondary arco-btn-shape-square arco-btn-size-medium arco-btn-status-normal\\" type=\\"button\\">
      <!--v-if-->BOTTOM OFFSET[100, 20]
    </button>
    <!---->
  </div>
  <!---->
  <div class=\\"arco-space-item\\"><button class=\\"arco-btn arco-btn-secondary arco-btn-shape-square arco-btn-size-medium arco-btn-status-normal\\" type=\\"button\\">
      <!--v-if-->BOTTOM OFFSET[-100, 20]
    </button>
    <!---->
  </div>
</div>"
`;

exports[`<trigger> demo: render [triggers] correctly 1`] = `
"<span class=\\"arco-input-wrapper\\"><!----><input class=\\"arco-input arco-input-size-medium\\" type=\\"text\\" placeholder=\\"Click/Hover/Focus on me\\"><!----><!----></span>
<!---->"
`;
