// Jest Snapshot v1, https://goo.gl/fbAQLP

exports[`<modal> demo: render [async] correctly 1`] = `
"<button class=\\"arco-btn arco-btn-secondary arco-btn-shape-square arco-btn-size-medium arco-btn-status-normal\\" type=\\"button\\">
  <!--v-if-->Open Modal
</button>
<!---->"
`;

exports[`<modal> demo: render [basic] correctly 1`] = `
"<button class=\\"arco-btn arco-btn-secondary arco-btn-shape-square arco-btn-size-medium arco-btn-status-normal\\" type=\\"button\\">
  <!--v-if-->Open Modal
</button>
<!---->"
`;

exports[`<modal> demo: render [custom] correctly 1`] = `
"<button class=\\"arco-btn arco-btn-secondary arco-btn-shape-square arco-btn-size-medium arco-btn-status-normal\\" type=\\"button\\">
  <!--v-if-->Open Modal
</button>
<!---->"
`;

exports[`<modal> demo: render [draggable] correctly 1`] = `
"<button class=\\"arco-btn arco-btn-secondary arco-btn-shape-square arco-btn-size-medium arco-btn-status-normal\\" type=\\"button\\">
  <!--v-if-->Open Draggable Modal
</button>
<!---->"
`;

exports[`<modal> demo: render [form] correctly 1`] = `
"<button class=\\"arco-btn arco-btn-secondary arco-btn-shape-square arco-btn-size-medium arco-btn-status-normal\\" type=\\"button\\">
  <!--v-if-->Open Form Modal
</button>
<!---->"
`;

exports[`<modal> demo: render [fullscreen] correctly 1`] = `
"<button class=\\"arco-btn arco-btn-secondary arco-btn-shape-square arco-btn-size-medium arco-btn-status-normal\\" type=\\"button\\">
  <!--v-if-->Open Modal
</button>
<!---->"
`;

exports[`<modal> demo: render [function] correctly 1`] = `
"<button class=\\"arco-btn arco-btn-secondary arco-btn-shape-square arco-btn-size-medium arco-btn-status-normal\\" type=\\"button\\">
  <!--v-if-->Open Modal
</button>"
`;

exports[`<modal> demo: render [notice] correctly 1`] = `
"<div class=\\"arco-space arco-space-horizontal arco-space-align-center\\">
  <!---->
  <div class=\\"arco-space-item\\" style=\\"margin-right: 8px;\\"><button class=\\"arco-btn arco-btn-secondary arco-btn-shape-square arco-btn-size-medium arco-btn-status-normal\\" type=\\"button\\">
      <!--v-if-->Info
    </button></div>
  <!---->
  <div class=\\"arco-space-item\\" style=\\"margin-right: 8px;\\"><button class=\\"arco-btn arco-btn-secondary arco-btn-shape-square arco-btn-size-medium arco-btn-status-success\\" type=\\"button\\">
      <!--v-if-->Success
    </button></div>
  <!---->
  <div class=\\"arco-space-item\\" style=\\"margin-right: 8px;\\"><button class=\\"arco-btn arco-btn-secondary arco-btn-shape-square arco-btn-size-medium arco-btn-status-warning\\" type=\\"button\\">
      <!--v-if-->Warning
    </button></div>
  <!---->
  <div class=\\"arco-space-item\\"><button class=\\"arco-btn arco-btn-secondary arco-btn-shape-square arco-btn-size-medium arco-btn-status-danger\\" type=\\"button\\">
      <!--v-if-->Error
    </button></div>
</div>"
`;

exports[`<modal> demo: render [width] correctly 1`] = `
"<button class=\\"arco-btn arco-btn-secondary arco-btn-shape-square arco-btn-size-medium arco-btn-status-normal\\" type=\\"button\\">
  <!--v-if-->Open Modal
</button>
<!---->"
`;
