// Jest Snapshot v1, https://goo.gl/fbAQLP

exports[`<dropdown> demo: render [basic] correctly 1`] = `
"<div class=\\"arco-space arco-space-horizontal arco-space-align-center\\">
  <div class=\\"arco-space-item\\" style=\\"margin-right: 24px;\\"><button class=\\"arco-btn arco-btn-secondary arco-btn-shape-square arco-btn-size-medium arco-btn-status-normal\\" type=\\"button\\">
      <!--v-if-->Click Me
    </button>
    <!---->
  </div>
  <div class=\\"arco-space-item\\" style=\\"margin-right: 24px;\\"><button class=\\"arco-btn arco-btn-secondary arco-btn-shape-square arco-btn-size-medium arco-btn-status-normal arco-btn-disabled\\" type=\\"button\\" disabled=\\"\\">
      <!--v-if-->Click Me
    </button>
    <!---->
  </div>
  <div class=\\"arco-space-item\\"><button class=\\"arco-btn arco-btn-secondary arco-btn-shape-square arco-btn-size-medium arco-btn-status-normal\\" type=\\"button\\">
      <!--v-if-->No Max Height <svg viewBox=\\"0 0 48 48\\" fill=\\"none\\" xmlns=\\"http://www.w3.org/2000/svg\\" stroke=\\"currentColor\\" class=\\"arco-icon arco-icon-down\\" stroke-width=\\"4\\" stroke-linecap=\\"butt\\" stroke-linejoin=\\"miter\\">
        <path d=\\"M39.6 17.443 24.043 33 8.487 17.443\\"></path>
      </svg>
    </button>
    <!---->
  </div>
</div>"
`;

exports[`<dropdown> demo: render [button] correctly 1`] = `
"<div class=\\"arco-space arco-space-horizontal arco-space-align-center\\">
  <div class=\\"arco-space-item\\" style=\\"margin-right: 24px;\\">
    <div class=\\"arco-btn-group\\"><button class=\\"arco-btn arco-btn-secondary arco-btn-shape-square arco-btn-size-medium arco-btn-status-normal\\" type=\\"button\\">
        <!--v-if--> Publish
      </button><button class=\\"arco-btn arco-btn-secondary arco-btn-shape-square arco-btn-size-medium arco-btn-status-normal arco-btn-only-icon\\" type=\\"button\\"><span class=\\"arco-btn-icon\\"><svg viewBox=\\"0 0 48 48\\" fill=\\"none\\" xmlns=\\"http://www.w3.org/2000/svg\\" stroke=\\"currentColor\\" class=\\"arco-icon arco-icon-more\\" stroke-width=\\"4\\" stroke-linecap=\\"butt\\" stroke-linejoin=\\"miter\\"><path d=\\"M38 25v-2h2v2h-2ZM23 25v-2h2v2h-2ZM8 25v-2h2v2H8Z\\" fill=\\"currentColor\\" stroke=\\"none\\"></path><path d=\\"M38 25v-2h2v2h-2ZM23 25v-2h2v2h-2ZM8 25v-2h2v2H8Z\\"></path></svg></span></button>
      <!---->
    </div>
  </div>
  <div class=\\"arco-space-item\\" style=\\"margin-right: 24px;\\">
    <div class=\\"arco-btn-group\\"><button class=\\"arco-btn arco-btn-secondary arco-btn-shape-square arco-btn-size-medium arco-btn-status-normal arco-btn-disabled\\" type=\\"button\\" disabled=\\"\\">
        <!--v-if--> Disabled
      </button><button class=\\"arco-btn arco-btn-secondary arco-btn-shape-square arco-btn-size-medium arco-btn-status-normal arco-btn-disabled arco-btn-only-icon\\" type=\\"button\\" disabled=\\"\\"><span class=\\"arco-btn-icon\\"><svg viewBox=\\"0 0 48 48\\" fill=\\"none\\" xmlns=\\"http://www.w3.org/2000/svg\\" stroke=\\"currentColor\\" class=\\"arco-icon arco-icon-more\\" stroke-width=\\"4\\" stroke-linecap=\\"butt\\" stroke-linejoin=\\"miter\\"><path d=\\"M38 25v-2h2v2h-2ZM23 25v-2h2v2h-2ZM8 25v-2h2v2H8Z\\" fill=\\"currentColor\\" stroke=\\"none\\"></path><path d=\\"M38 25v-2h2v2h-2ZM23 25v-2h2v2h-2ZM8 25v-2h2v2H8Z\\"></path></svg></span></button>
      <!---->
    </div>
  </div>
  <div class=\\"arco-space-item\\">
    <div class=\\"arco-btn-group\\"><button class=\\"arco-btn arco-btn-secondary arco-btn-shape-square arco-btn-size-medium arco-btn-status-normal\\" type=\\"button\\">
        <!--v-if--> Publish
      </button><button class=\\"arco-btn arco-btn-secondary arco-btn-shape-square arco-btn-size-medium arco-btn-status-normal arco-btn-only-icon\\" type=\\"button\\"><span class=\\"arco-btn-icon\\"><svg viewBox=\\"0 0 48 48\\" fill=\\"none\\" xmlns=\\"http://www.w3.org/2000/svg\\" stroke=\\"currentColor\\" class=\\"arco-icon arco-icon-down\\" stroke-width=\\"4\\" stroke-linecap=\\"butt\\" stroke-linejoin=\\"miter\\"><path d=\\"M39.6 17.443 24.043 33 8.487 17.443\\"></path></svg></span></button>
      <!---->
    </div>
  </div>
</div>"
`;

exports[`<dropdown> demo: render [context-menu] correctly 1`] = `
"<div style=\\"display: flex; align-items: center; justify-content: center; height: 300px;\\">
  <div>Click Me</div>
</div>
<!---->"
`;

exports[`<dropdown> demo: render [group] correctly 1`] = `
"<button class=\\"arco-btn arco-btn-secondary arco-btn-shape-square arco-btn-size-medium arco-btn-status-normal\\" type=\\"button\\">
  <!--v-if-->Click Me
</button>
<!---->"
`;

exports[`<dropdown> demo: render [icon] correctly 1`] = `
"<button class=\\"arco-btn arco-btn-secondary arco-btn-shape-square arco-btn-size-medium arco-btn-status-normal\\" type=\\"button\\">
  <!--v-if-->Click Me
</button>
<!---->"
`;

exports[`<dropdown> demo: render [position] correctly 1`] = `
"<div class=\\"arco-space arco-space-horizontal arco-space-align-center\\">
  <div class=\\"arco-space-item\\" style=\\"margin-right: 8px;\\"><button class=\\"arco-btn arco-btn-secondary arco-btn-shape-square arco-btn-size-medium arco-btn-status-normal\\" type=\\"button\\">
      <!--v-if-->Bottom Left
    </button>
    <!---->
  </div>
  <div class=\\"arco-space-item\\" style=\\"margin-right: 8px;\\"><button class=\\"arco-btn arco-btn-secondary arco-btn-shape-square arco-btn-size-medium arco-btn-status-normal\\" type=\\"button\\">
      <!--v-if-->Bottom
    </button>
    <!---->
  </div>
  <div class=\\"arco-space-item\\" style=\\"margin-right: 8px;\\"><button class=\\"arco-btn arco-btn-secondary arco-btn-shape-square arco-btn-size-medium arco-btn-status-normal\\" type=\\"button\\">
      <!--v-if-->Bottom Right
    </button>
    <!---->
  </div>
  <div class=\\"arco-space-item\\" style=\\"margin-right: 8px;\\"><button class=\\"arco-btn arco-btn-secondary arco-btn-shape-square arco-btn-size-medium arco-btn-status-normal\\" type=\\"button\\">
      <!--v-if-->Top Left
    </button>
    <!---->
  </div>
  <div class=\\"arco-space-item\\" style=\\"margin-right: 8px;\\"><button class=\\"arco-btn arco-btn-secondary arco-btn-shape-square arco-btn-size-medium arco-btn-status-normal\\" type=\\"button\\">
      <!--v-if-->Top
    </button>
    <!---->
  </div>
  <div class=\\"arco-space-item\\"><button class=\\"arco-btn arco-btn-secondary arco-btn-shape-square arco-btn-size-medium arco-btn-status-normal\\" type=\\"button\\">
      <!--v-if-->Top Right
    </button>
    <!---->
  </div>
</div>"
`;

exports[`<dropdown> demo: render [submenu] correctly 1`] = `
"<button class=\\"arco-btn arco-btn-secondary arco-btn-shape-square arco-btn-size-medium arco-btn-status-normal\\" type=\\"button\\">
  <!--v-if-->Click Me
</button>
<!---->"
`;

exports[`<dropdown> demo: render [trigger] correctly 1`] = `
"<div class=\\"arco-space arco-space-horizontal arco-space-align-center\\">
  <div class=\\"arco-space-item\\" style=\\"margin-right: 24px;\\"><button class=\\"arco-btn arco-btn-secondary arco-btn-shape-square arco-btn-size-medium arco-btn-status-normal\\" type=\\"button\\">
      <!--v-if-->Click Me
    </button>
    <!---->
  </div>
  <div class=\\"arco-space-item\\"><button class=\\"arco-btn arco-btn-secondary arco-btn-shape-square arco-btn-size-medium arco-btn-status-normal\\" type=\\"button\\">
      <!--v-if-->Hover Me
    </button>
    <!---->
  </div>
</div>"
`;
