// Jest Snapshot v1, https://goo.gl/fbAQLP

exports[`<menu> demo: render [breakpoint] correctly 1`] = `
"<div class=\\"menu-demo\\">
  <div class=\\"arco-menu arco-menu-light arco-menu-vertical\\" style=\\"height: 100%; width: 200px;\\">
    <div class=\\"arco-menu-inner\\">
      <div class=\\"arco-menu-inline\\">
        <div class=\\"arco-menu-inline-header arco-menu-has-icon\\">
          <!--v-if--><span class=\\"arco-menu-icon\\"><svg viewBox=\\"0 0 48 48\\" fill=\\"none\\" xmlns=\\"http://www.w3.org/2000/svg\\" stroke=\\"currentColor\\" class=\\"arco-icon arco-icon-apps\\" stroke-width=\\"4\\" stroke-linecap=\\"butt\\" stroke-linejoin=\\"miter\\"><path d=\\"M7 7h13v13H7zM28 7h13v13H28zM7 28h13v13H7zM28 28h13v13H28z\\"></path></svg></span><span class=\\"arco-menu-title\\">Navigation 1</span><span class=\\"arco-menu-icon-suffix is-open\\"><svg viewBox=\\"0 0 48 48\\" fill=\\"none\\" xmlns=\\"http://www.w3.org/2000/svg\\" stroke=\\"currentColor\\" class=\\"arco-icon arco-icon-down\\" stroke-width=\\"4\\" stroke-linecap=\\"butt\\" stroke-linejoin=\\"miter\\"><path d=\\"M39.6 17.443 24.043 33 8.487 17.443\\"></path></svg></span>
        </div>
        <transition-stub>
          <div class=\\"arco-menu-inline-content\\">
            <div class=\\"arco-menu-item\\"><span class=\\"arco-menu-indent-list\\"><span class=\\"arco-menu-indent\\" style=\\"\\"></span></span><span class=\\"arco-menu-item-inner\\">Menu 1</span>
              <!---->
            </div>
            <div class=\\"arco-menu-item\\"><span class=\\"arco-menu-indent-list\\"><span class=\\"arco-menu-indent\\" style=\\"\\"></span></span><span class=\\"arco-menu-item-inner\\">Menu 2</span>
              <!---->
            </div>
            <div class=\\"arco-menu-item arco-menu-selected\\"><span class=\\"arco-menu-indent-list\\"><span class=\\"arco-menu-indent\\" style=\\"\\"></span></span><span class=\\"arco-menu-item-inner\\">Menu 3</span>
              <!---->
            </div>
            <div class=\\"arco-menu-item\\"><span class=\\"arco-menu-indent-list\\"><span class=\\"arco-menu-indent\\" style=\\"\\"></span></span><span class=\\"arco-menu-item-inner\\">Menu 4</span>
              <!---->
            </div>
          </div>
        </transition-stub>
      </div>
      <div class=\\"arco-menu-inline\\">
        <div class=\\"arco-menu-inline-header arco-menu-has-icon\\">
          <!--v-if--><span class=\\"arco-menu-icon\\"><svg viewBox=\\"0 0 48 48\\" fill=\\"none\\" xmlns=\\"http://www.w3.org/2000/svg\\" stroke=\\"currentColor\\" class=\\"arco-icon arco-icon-bug\\" stroke-width=\\"4\\" stroke-linecap=\\"butt\\" stroke-linejoin=\\"miter\\"><path d=\\"M24 42c-6.075 0-11-4.925-11-11V18h22v13c0 6.075-4.925 11-11 11Zm0 0V23m11 4h8M5 27h8M7 14a4 4 0 0 0 4 4h26a4 4 0 0 0 4-4m0 28v-.5a6.5 6.5 0 0 0-6.5-6.5M7 42v-.5a6.5 6.5 0 0 1 6.5-6.5M17 14a7 7 0 1 1 14 0\\"></path></svg></span><span class=\\"arco-menu-title\\">Navigation 2</span><span class=\\"arco-menu-icon-suffix\\"><svg viewBox=\\"0 0 48 48\\" fill=\\"none\\" xmlns=\\"http://www.w3.org/2000/svg\\" stroke=\\"currentColor\\" class=\\"arco-icon arco-icon-down\\" stroke-width=\\"4\\" stroke-linecap=\\"butt\\" stroke-linejoin=\\"miter\\"><path d=\\"M39.6 17.443 24.043 33 8.487 17.443\\"></path></svg></span>
        </div>
        <transition-stub>
          <div class=\\"arco-menu-inline-content\\" style=\\"display: none;\\">
            <div class=\\"arco-menu-item\\"><span class=\\"arco-menu-indent-list\\"><span class=\\"arco-menu-indent\\" style=\\"\\"></span></span><span class=\\"arco-menu-item-inner\\">Menu 1</span>
              <!---->
            </div>
            <div class=\\"arco-menu-item\\"><span class=\\"arco-menu-indent-list\\"><span class=\\"arco-menu-indent\\" style=\\"\\"></span></span><span class=\\"arco-menu-item-inner\\">Menu 2</span>
              <!---->
            </div>
            <div class=\\"arco-menu-item\\"><span class=\\"arco-menu-indent-list\\"><span class=\\"arco-menu-indent\\" style=\\"\\"></span></span><span class=\\"arco-menu-item-inner\\">Menu 3</span>
              <!---->
            </div>
          </div>
        </transition-stub>
      </div>
      <div class=\\"arco-menu-inline\\">
        <div class=\\"arco-menu-inline-header arco-menu-has-icon\\">
          <!--v-if--><span class=\\"arco-menu-icon\\"><svg viewBox=\\"0 0 48 48\\" fill=\\"none\\" xmlns=\\"http://www.w3.org/2000/svg\\" stroke=\\"currentColor\\" class=\\"arco-icon arco-icon-bulb\\" stroke-width=\\"4\\" stroke-linecap=\\"butt\\" stroke-linejoin=\\"miter\\"><path d=\\"M17 42h14m6-24c0 2.823-.9 5.437-2.43 7.568-1.539 2.147-3.185 4.32-3.77 6.897l-.623 2.756A1 1 0 0 1 29.2 36H18.8a1 1 0 0 1-.976-.779l-.624-2.756c-.584-2.576-2.23-4.75-3.77-6.897A12.94 12.94 0 0 1 11 18c0-7.18 5.82-13 13-13s13 5.82 13 13Z\\"></path></svg></span><span class=\\"arco-menu-title\\">Navigation 3</span><span class=\\"arco-menu-icon-suffix\\"><svg viewBox=\\"0 0 48 48\\" fill=\\"none\\" xmlns=\\"http://www.w3.org/2000/svg\\" stroke=\\"currentColor\\" class=\\"arco-icon arco-icon-down\\" stroke-width=\\"4\\" stroke-linecap=\\"butt\\" stroke-linejoin=\\"miter\\"><path d=\\"M39.6 17.443 24.043 33 8.487 17.443\\"></path></svg></span>
        </div>
        <transition-stub>
          <div class=\\"arco-menu-inline-content\\" style=\\"display: none;\\">
            <div class=\\"arco-menu-item\\"><span class=\\"arco-menu-indent-list\\"><span class=\\"arco-menu-indent\\" style=\\"\\"></span></span><span class=\\"arco-menu-item-inner\\">Menu 1</span>
              <!---->
            </div>
            <div class=\\"arco-menu-item\\"><span class=\\"arco-menu-indent-list\\"><span class=\\"arco-menu-indent\\" style=\\"\\"></span></span><span class=\\"arco-menu-item-inner\\">Menu 2</span>
              <!---->
            </div>
            <div class=\\"arco-menu-inline\\">
              <div class=\\"arco-menu-inline-header\\"><span class=\\"arco-menu-indent-list\\"><span class=\\"arco-menu-indent\\" style=\\"\\"></span></span>Navigation 4<span class=\\"arco-menu-icon-suffix\\"><svg viewBox=\\"0 0 48 48\\" fill=\\"none\\" xmlns=\\"http://www.w3.org/2000/svg\\" stroke=\\"currentColor\\" class=\\"arco-icon arco-icon-down\\" stroke-width=\\"4\\" stroke-linecap=\\"butt\\" stroke-linejoin=\\"miter\\"><path d=\\"M39.6 17.443 24.043 33 8.487 17.443\\"></path></svg></span></div>
              <transition-stub>
                <div class=\\"arco-menu-inline-content\\" style=\\"display: none;\\">
                  <div class=\\"arco-menu-item\\"><span class=\\"arco-menu-indent-list\\"><span class=\\"arco-menu-indent\\" style=\\"\\"></span><span class=\\"arco-menu-indent\\" style=\\"\\"></span></span><span class=\\"arco-menu-item-inner\\">Menu 1</span>
                    <!---->
                  </div>
                  <div class=\\"arco-menu-item\\"><span class=\\"arco-menu-indent-list\\"><span class=\\"arco-menu-indent\\" style=\\"\\"></span><span class=\\"arco-menu-indent\\" style=\\"\\"></span></span><span class=\\"arco-menu-item-inner\\">Menu 2</span>
                    <!---->
                  </div>
                </div>
              </transition-stub>
            </div>
          </div>
        </transition-stub>
      </div>
    </div>
    <div class=\\"arco-menu-collapse-button\\"><svg viewBox=\\"0 0 48 48\\" fill=\\"none\\" xmlns=\\"http://www.w3.org/2000/svg\\" stroke=\\"currentColor\\" class=\\"arco-icon arco-icon-menu-fold\\" stroke-width=\\"4\\" stroke-linecap=\\"butt\\" stroke-linejoin=\\"miter\\">
        <path d=\\"M42 11H6M42 24H22M42 37H6M13.66 26.912l-4.82-3.118 4.82-3.118v6.236Z\\"></path>
      </svg></div>
  </div>
</div>"
`;

exports[`<menu> demo: render [collapse-control] correctly 1`] = `
"<div class=\\"menu-demo\\"><button class=\\"arco-btn arco-btn-primary arco-btn-shape-square arco-btn-size-medium arco-btn-status-normal\\" type=\\"button\\" style=\\"padding: 0px 12px; height: 30px; line-height: 30px; margin-bottom: 4px;\\">
    <!--v-if--><svg viewBox=\\"0 0 48 48\\" fill=\\"none\\" xmlns=\\"http://www.w3.org/2000/svg\\" stroke=\\"currentColor\\" class=\\"arco-icon arco-icon-menu-fold\\" stroke-width=\\"4\\" stroke-linecap=\\"butt\\" stroke-linejoin=\\"miter\\">
      <path d=\\"M42 11H6M42 24H22M42 37H6M13.66 26.912l-4.82-3.118 4.82-3.118v6.236Z\\"></path>
    </svg>
  </button>
  <div class=\\"arco-menu arco-menu-dark arco-menu-vertical\\" style=\\"border-radius: 4px; width: 200px;\\">
    <div class=\\"arco-menu-inner\\">
      <div class=\\"arco-menu-inline\\">
        <div class=\\"arco-menu-inline-header arco-menu-has-icon\\">
          <!--v-if--><span class=\\"arco-menu-icon\\"><svg viewBox=\\"0 0 48 48\\" fill=\\"none\\" xmlns=\\"http://www.w3.org/2000/svg\\" stroke=\\"currentColor\\" class=\\"arco-icon arco-icon-apps\\" stroke-width=\\"4\\" stroke-linecap=\\"butt\\" stroke-linejoin=\\"miter\\"><path d=\\"M7 7h13v13H7zM28 7h13v13H28zM7 28h13v13H7zM28 28h13v13H28z\\"></path></svg></span><span class=\\"arco-menu-title\\">Navigation 1</span><span class=\\"arco-menu-icon-suffix is-open\\"><svg viewBox=\\"0 0 48 48\\" fill=\\"none\\" xmlns=\\"http://www.w3.org/2000/svg\\" stroke=\\"currentColor\\" class=\\"arco-icon arco-icon-down\\" stroke-width=\\"4\\" stroke-linecap=\\"butt\\" stroke-linejoin=\\"miter\\"><path d=\\"M39.6 17.443 24.043 33 8.487 17.443\\"></path></svg></span>
        </div>
        <transition-stub>
          <div class=\\"arco-menu-inline-content\\">
            <div class=\\"arco-menu-item\\"><span class=\\"arco-menu-indent-list\\"><span class=\\"arco-menu-indent\\" style=\\"\\"></span></span><span class=\\"arco-menu-item-inner\\">Menu 1</span>
              <!---->
            </div>
            <div class=\\"arco-menu-item\\"><span class=\\"arco-menu-indent-list\\"><span class=\\"arco-menu-indent\\" style=\\"\\"></span></span><span class=\\"arco-menu-item-inner\\">Menu 2</span>
              <!---->
            </div>
            <div class=\\"arco-menu-item arco-menu-selected\\"><span class=\\"arco-menu-indent-list\\"><span class=\\"arco-menu-indent\\" style=\\"\\"></span></span><span class=\\"arco-menu-item-inner\\">Menu 3</span>
              <!---->
            </div>
            <div class=\\"arco-menu-item\\"><span class=\\"arco-menu-indent-list\\"><span class=\\"arco-menu-indent\\" style=\\"\\"></span></span><span class=\\"arco-menu-item-inner\\">Menu 4</span>
              <!---->
            </div>
          </div>
        </transition-stub>
      </div>
      <div class=\\"arco-menu-inline\\">
        <div class=\\"arco-menu-inline-header arco-menu-has-icon\\">
          <!--v-if--><span class=\\"arco-menu-icon\\"><svg viewBox=\\"0 0 48 48\\" fill=\\"none\\" xmlns=\\"http://www.w3.org/2000/svg\\" stroke=\\"currentColor\\" class=\\"arco-icon arco-icon-bug\\" stroke-width=\\"4\\" stroke-linecap=\\"butt\\" stroke-linejoin=\\"miter\\"><path d=\\"M24 42c-6.075 0-11-4.925-11-11V18h22v13c0 6.075-4.925 11-11 11Zm0 0V23m11 4h8M5 27h8M7 14a4 4 0 0 0 4 4h26a4 4 0 0 0 4-4m0 28v-.5a6.5 6.5 0 0 0-6.5-6.5M7 42v-.5a6.5 6.5 0 0 1 6.5-6.5M17 14a7 7 0 1 1 14 0\\"></path></svg></span><span class=\\"arco-menu-title\\">Navigation 2</span><span class=\\"arco-menu-icon-suffix\\"><svg viewBox=\\"0 0 48 48\\" fill=\\"none\\" xmlns=\\"http://www.w3.org/2000/svg\\" stroke=\\"currentColor\\" class=\\"arco-icon arco-icon-down\\" stroke-width=\\"4\\" stroke-linecap=\\"butt\\" stroke-linejoin=\\"miter\\"><path d=\\"M39.6 17.443 24.043 33 8.487 17.443\\"></path></svg></span>
        </div>
        <transition-stub>
          <div class=\\"arco-menu-inline-content\\" style=\\"display: none;\\">
            <div class=\\"arco-menu-item\\"><span class=\\"arco-menu-indent-list\\"><span class=\\"arco-menu-indent\\" style=\\"\\"></span></span><span class=\\"arco-menu-item-inner\\">Menu 1</span>
              <!---->
            </div>
            <div class=\\"arco-menu-item\\"><span class=\\"arco-menu-indent-list\\"><span class=\\"arco-menu-indent\\" style=\\"\\"></span></span><span class=\\"arco-menu-item-inner\\">Menu 2</span>
              <!---->
            </div>
            <div class=\\"arco-menu-item\\"><span class=\\"arco-menu-indent-list\\"><span class=\\"arco-menu-indent\\" style=\\"\\"></span></span><span class=\\"arco-menu-item-inner\\">Menu 3</span>
              <!---->
            </div>
          </div>
        </transition-stub>
      </div>
      <div class=\\"arco-menu-inline\\">
        <div class=\\"arco-menu-inline-header arco-menu-has-icon\\">
          <!--v-if--><span class=\\"arco-menu-icon\\"><svg viewBox=\\"0 0 48 48\\" fill=\\"none\\" xmlns=\\"http://www.w3.org/2000/svg\\" stroke=\\"currentColor\\" class=\\"arco-icon arco-icon-bulb\\" stroke-width=\\"4\\" stroke-linecap=\\"butt\\" stroke-linejoin=\\"miter\\"><path d=\\"M17 42h14m6-24c0 2.823-.9 5.437-2.43 7.568-1.539 2.147-3.185 4.32-3.77 6.897l-.623 2.756A1 1 0 0 1 29.2 36H18.8a1 1 0 0 1-.976-.779l-.624-2.756c-.584-2.576-2.23-4.75-3.77-6.897A12.94 12.94 0 0 1 11 18c0-7.18 5.82-13 13-13s13 5.82 13 13Z\\"></path></svg></span><span class=\\"arco-menu-title\\">Navigation 3</span><span class=\\"arco-menu-icon-suffix\\"><svg viewBox=\\"0 0 48 48\\" fill=\\"none\\" xmlns=\\"http://www.w3.org/2000/svg\\" stroke=\\"currentColor\\" class=\\"arco-icon arco-icon-down\\" stroke-width=\\"4\\" stroke-linecap=\\"butt\\" stroke-linejoin=\\"miter\\"><path d=\\"M39.6 17.443 24.043 33 8.487 17.443\\"></path></svg></span>
        </div>
        <transition-stub>
          <div class=\\"arco-menu-inline-content\\" style=\\"display: none;\\">
            <div class=\\"arco-menu-item\\"><span class=\\"arco-menu-indent-list\\"><span class=\\"arco-menu-indent\\" style=\\"\\"></span></span><span class=\\"arco-menu-item-inner\\">Menu 1</span>
              <!---->
            </div>
            <div class=\\"arco-menu-item\\"><span class=\\"arco-menu-indent-list\\"><span class=\\"arco-menu-indent\\" style=\\"\\"></span></span><span class=\\"arco-menu-item-inner\\">Menu 2</span>
              <!---->
            </div>
            <div class=\\"arco-menu-inline\\">
              <div class=\\"arco-menu-inline-header\\"><span class=\\"arco-menu-indent-list\\"><span class=\\"arco-menu-indent\\" style=\\"\\"></span></span>Navigation 4<span class=\\"arco-menu-icon-suffix\\"><svg viewBox=\\"0 0 48 48\\" fill=\\"none\\" xmlns=\\"http://www.w3.org/2000/svg\\" stroke=\\"currentColor\\" class=\\"arco-icon arco-icon-down\\" stroke-width=\\"4\\" stroke-linecap=\\"butt\\" stroke-linejoin=\\"miter\\"><path d=\\"M39.6 17.443 24.043 33 8.487 17.443\\"></path></svg></span></div>
              <transition-stub>
                <div class=\\"arco-menu-inline-content\\" style=\\"display: none;\\">
                  <div class=\\"arco-menu-item\\"><span class=\\"arco-menu-indent-list\\"><span class=\\"arco-menu-indent\\" style=\\"\\"></span><span class=\\"arco-menu-indent\\" style=\\"\\"></span></span><span class=\\"arco-menu-item-inner\\">Menu 1</span>
                    <!---->
                  </div>
                  <div class=\\"arco-menu-item\\"><span class=\\"arco-menu-indent-list\\"><span class=\\"arco-menu-indent\\" style=\\"\\"></span><span class=\\"arco-menu-indent\\" style=\\"\\"></span></span><span class=\\"arco-menu-item-inner\\">Menu 2</span>
                    <!---->
                  </div>
                </div>
              </transition-stub>
            </div>
          </div>
        </transition-stub>
      </div>
    </div>
    <!--v-if-->
  </div>
</div>"
`;

exports[`<menu> demo: render [dark-horizontal] correctly 1`] = `
"<div class=\\"menu-demo\\">
  <div class=\\"arco-menu arco-menu-dark arco-menu-horizontal\\">
    <div class=\\"arco-menu-inner\\">
      <div class=\\"arco-menu-overflow-wrap\\">
        <div class=\\"arco-menu-pop arco-menu-pop-header arco-menu-overflow-sub-menu-mirror\\" aria-haspopup=\\"true\\">
          <!-- header -->
          <!--v-if--><span>...</span><!-- suffix --><span class=\\"arco-menu-icon-suffix\\"><svg viewBox=\\"0 0 48 48\\" fill=\\"none\\" xmlns=\\"http://www.w3.org/2000/svg\\" stroke=\\"currentColor\\" class=\\"arco-icon arco-icon-down\\" stroke-width=\\"4\\" stroke-linecap=\\"butt\\" stroke-linejoin=\\"miter\\"><path d=\\"M39.6 17.443 24.043 33 8.487 17.443\\"></path></svg></span>
          <!--v-if-->
        </div>
        <!---->
        <div class=\\"arco-menu-item arco-menu-disabled\\" style=\\"padding: 0px; margin-right: 38px;\\">
          <div style=\\"width: 80px; height: 30px; cursor: text;\\"></div>
          <!---->
        </div>
        <div class=\\"arco-menu-item arco-menu-selected\\">Home<div class=\\"arco-menu-selected-label\\"></div>
        </div>
        <div class=\\"arco-menu-item\\">Solution
          <!---->
        </div>
        <div class=\\"arco-menu-item\\">Cloud Service
          <!---->
        </div>
        <div class=\\"arco-menu-item\\">Cooperation
          <!---->
        </div>
        <!---->
      </div>
    </div>
    <!--v-if-->
  </div>
</div>"
`;

exports[`<menu> demo: render [horizontal] correctly 1`] = `
"<div class=\\"menu-demo\\">
  <div class=\\"arco-menu arco-menu-light arco-menu-horizontal\\">
    <div class=\\"arco-menu-inner\\">
      <div class=\\"arco-menu-overflow-wrap\\">
        <div class=\\"arco-menu-pop arco-menu-pop-header arco-menu-overflow-sub-menu-mirror\\" aria-haspopup=\\"true\\">
          <!-- header -->
          <!--v-if--><span>...</span><!-- suffix --><span class=\\"arco-menu-icon-suffix\\"><svg viewBox=\\"0 0 48 48\\" fill=\\"none\\" xmlns=\\"http://www.w3.org/2000/svg\\" stroke=\\"currentColor\\" class=\\"arco-icon arco-icon-down\\" stroke-width=\\"4\\" stroke-linecap=\\"butt\\" stroke-linejoin=\\"miter\\"><path d=\\"M39.6 17.443 24.043 33 8.487 17.443\\"></path></svg></span>
          <!--v-if-->
        </div>
        <!---->
        <div class=\\"arco-menu-item arco-menu-disabled\\" style=\\"padding: 0px; margin-right: 38px;\\">
          <div style=\\"width: 80px; height: 30px; border-radius: 2px; cursor: text;\\"></div>
          <!---->
        </div>
        <div class=\\"arco-menu-item arco-menu-selected\\">Home<div class=\\"arco-menu-selected-label\\"></div>
        </div>
        <div class=\\"arco-menu-item\\">Solution
          <!---->
        </div>
        <div class=\\"arco-menu-item\\">Cloud Service
          <!---->
        </div>
        <div class=\\"arco-menu-item\\">Cooperation
          <!---->
        </div>
        <!---->
      </div>
    </div>
    <!--v-if-->
  </div>
</div>"
`;

exports[`<menu> demo: render [pop] correctly 1`] = `
"<div class=\\"menu-demo\\">
  <div class=\\"arco-menu arco-menu-light arco-menu-vertical arco-menu-pop\\">
    <div class=\\"arco-menu-inner\\">
      <div class=\\"arco-menu-item arco-menu-has-icon\\"><span class=\\"arco-menu-icon\\"><svg viewBox=\\"0 0 48 48\\" fill=\\"none\\" xmlns=\\"http://www.w3.org/2000/svg\\" stroke=\\"currentColor\\" class=\\"arco-icon arco-icon-apps\\" stroke-width=\\"4\\" stroke-linecap=\\"butt\\" stroke-linejoin=\\"miter\\"><path d=\\"M7 7h13v13H7zM28 7h13v13H28zM7 28h13v13H7zM28 28h13v13H28z\\"></path></svg></span><span class=\\"arco-menu-item-inner arco-menu-title\\"> Navigation 1 </span>
        <!---->
      </div>
      <div class=\\"arco-menu-pop arco-menu-pop-header arco-menu-has-icon\\" aria-haspopup=\\"true\\">
        <!-- header -->
        <!--v-if--><span class=\\"arco-menu-icon\\"><svg viewBox=\\"0 0 48 48\\" fill=\\"none\\" xmlns=\\"http://www.w3.org/2000/svg\\" stroke=\\"currentColor\\" class=\\"arco-icon arco-icon-bug\\" stroke-width=\\"4\\" stroke-linecap=\\"butt\\" stroke-linejoin=\\"miter\\"><path d=\\"M24 42c-6.075 0-11-4.925-11-11V18h22v13c0 6.075-4.925 11-11 11Zm0 0V23m11 4h8M5 27h8M7 14a4 4 0 0 0 4 4h26a4 4 0 0 0 4-4m0 28v-.5a6.5 6.5 0 0 0-6.5-6.5M7 42v-.5a6.5 6.5 0 0 1 6.5-6.5M17 14a7 7 0 1 1 14 0\\"></path></svg></span><span class=\\"arco-menu-title\\">Navigation 2</span><!-- suffix --><span class=\\"arco-menu-icon-suffix\\"><svg viewBox=\\"0 0 48 48\\" fill=\\"none\\" xmlns=\\"http://www.w3.org/2000/svg\\" stroke=\\"currentColor\\" class=\\"arco-icon arco-icon-right\\" stroke-width=\\"4\\" stroke-linecap=\\"butt\\" stroke-linejoin=\\"miter\\"><path d=\\"m16 39.513 15.556-15.557L16 8.4\\"></path></svg></span>
        <!--v-if-->
      </div>
      <!---->
      <div class=\\"arco-menu-pop arco-menu-pop-header arco-menu-has-icon\\" aria-haspopup=\\"true\\">
        <!-- header -->
        <!--v-if--><span class=\\"arco-menu-icon\\"><svg viewBox=\\"0 0 48 48\\" fill=\\"none\\" xmlns=\\"http://www.w3.org/2000/svg\\" stroke=\\"currentColor\\" class=\\"arco-icon arco-icon-bulb\\" stroke-width=\\"4\\" stroke-linecap=\\"butt\\" stroke-linejoin=\\"miter\\"><path d=\\"M17 42h14m6-24c0 2.823-.9 5.437-2.43 7.568-1.539 2.147-3.185 4.32-3.77 6.897l-.623 2.756A1 1 0 0 1 29.2 36H18.8a1 1 0 0 1-.976-.779l-.624-2.756c-.584-2.576-2.23-4.75-3.77-6.897A12.94 12.94 0 0 1 11 18c0-7.18 5.82-13 13-13s13 5.82 13 13Z\\"></path></svg></span><span class=\\"arco-menu-title\\">Navigation 3</span><!-- suffix --><span class=\\"arco-menu-icon-suffix\\"><svg viewBox=\\"0 0 48 48\\" fill=\\"none\\" xmlns=\\"http://www.w3.org/2000/svg\\" stroke=\\"currentColor\\" class=\\"arco-icon arco-icon-right\\" stroke-width=\\"4\\" stroke-linecap=\\"butt\\" stroke-linejoin=\\"miter\\"><path d=\\"m16 39.513 15.556-15.557L16 8.4\\"></path></svg></span>
        <!--v-if-->
      </div>
      <!---->
      <div class=\\"arco-menu-item arco-menu-has-icon\\"><span class=\\"arco-menu-icon\\"><svg viewBox=\\"0 0 48 48\\" fill=\\"none\\" xmlns=\\"http://www.w3.org/2000/svg\\" stroke=\\"currentColor\\" class=\\"arco-icon arco-icon-safe\\" stroke-width=\\"4\\" stroke-linecap=\\"butt\\" stroke-linejoin=\\"miter\\"><path d=\\"m16.825 22.165 6 6 10-10M24 6c7 4 16 5 16 5v15s-2 12-16 16.027C10 38 8 26 8 26V11s9-1 16-5Z\\"></path></svg></span><span class=\\"arco-menu-item-inner arco-menu-title\\"> Navigation 4 </span>
        <!---->
      </div>
      <div class=\\"arco-menu-item arco-menu-has-icon\\"><span class=\\"arco-menu-icon\\"><svg viewBox=\\"0 0 48 48\\" fill=\\"none\\" xmlns=\\"http://www.w3.org/2000/svg\\" stroke=\\"currentColor\\" class=\\"arco-icon arco-icon-fire\\" stroke-width=\\"4\\" stroke-linecap=\\"butt\\" stroke-linejoin=\\"miter\\"><path d=\\"M17.577 27.477C20.022 22.579 17.041 12.98 24.546 6c0 0-1.156 15.55 5.36 17.181 2.145.537 2.68-5.369 4.289-8.59 0 0 .536 4.832 2.68 8.59 3.217 7.517-1 14.117-5.896 17.182-4.289 2.684-14.587 2.807-19.835-5.37-4.824-7.516 0-15.57 0-15.57s4.289 12.35 6.433 8.054Z\\"></path></svg></span><span class=\\"arco-menu-item-inner arco-menu-title\\"> Navigation 5 </span>
        <!---->
      </div>
    </div>
    <div class=\\"arco-menu-collapse-button\\"><svg viewBox=\\"0 0 48 48\\" fill=\\"none\\" xmlns=\\"http://www.w3.org/2000/svg\\" stroke=\\"currentColor\\" class=\\"arco-icon arco-icon-menu-fold\\" stroke-width=\\"4\\" stroke-linecap=\\"butt\\" stroke-linejoin=\\"miter\\">
        <path d=\\"M42 11H6M42 24H22M42 37H6M13.66 26.912l-4.82-3.118 4.82-3.118v6.236Z\\"></path>
      </svg></div>
  </div>
</div>"
`;

exports[`<menu> demo: render [pop-button] correctly 1`] = `
"<div class=\\"menu-demo\\">
  <div class=\\"button-trigger\\"><svg viewBox=\\"0 0 48 48\\" fill=\\"none\\" xmlns=\\"http://www.w3.org/2000/svg\\" stroke=\\"currentColor\\" class=\\"arco-icon arco-icon-message\\" stroke-width=\\"4\\" stroke-linecap=\\"butt\\" stroke-linejoin=\\"miter\\">
      <path d=\\"M15 20h18m-18 9h9M7 41h17.63C33.67 41 41 33.67 41 24.63V24c0-9.389-7.611-17-17-17S7 14.611 7 24v17Z\\"></path>
    </svg></div>
  <!---->
  <div class=\\"button-trigger\\"><svg viewBox=\\"0 0 48 48\\" fill=\\"none\\" xmlns=\\"http://www.w3.org/2000/svg\\" stroke=\\"currentColor\\" class=\\"arco-icon arco-icon-message\\" stroke-width=\\"4\\" stroke-linecap=\\"butt\\" stroke-linejoin=\\"miter\\">
      <path d=\\"M15 20h18m-18 9h9M7 41h17.63C33.67 41 41 33.67 41 24.63V24c0-9.389-7.611-17-17-17S7 14.611 7 24v17Z\\"></path>
    </svg></div>
  <!---->
</div>"
`;

exports[`<menu> demo: render [size] correctly 1`] = `
"<div class=\\"menu-demo\\">
  <div class=\\"arco-slider\\" style=\\"width: 320px; margin-bottom: 24px;\\">
    <div class=\\"arco-slider-track\\">
      <div class=\\"arco-slider-bar\\" style=\\"left: 0%; right: 66.67%;\\"></div>
      <!--v-if-->
      <!--v-if-->
      <!--v-if-->
      <!--v-if-->
      <div style=\\"left: 33.33%;\\" tabindex=\\"0\\" role=\\"slider\\" aria-disabled=\\"false\\" aria-valuemax=\\"400\\" aria-valuemin=\\"160\\" aria-valuenow=\\"240\\" aria-valuetext=\\"240\\" class=\\"arco-slider-btn\\"></div>
      <!---->
    </div>
    <!--v-if-->
  </div>
  <div class=\\"arco-menu arco-menu-light arco-menu-vertical\\" style=\\"height: calc(100% - 28px); width: 240px;\\">
    <div class=\\"arco-menu-inner\\">
      <div class=\\"arco-menu-inline\\">
        <div class=\\"arco-menu-inline-header arco-menu-has-icon\\">
          <!--v-if--><span class=\\"arco-menu-icon\\"><svg viewBox=\\"0 0 48 48\\" fill=\\"none\\" xmlns=\\"http://www.w3.org/2000/svg\\" stroke=\\"currentColor\\" class=\\"arco-icon arco-icon-apps\\" stroke-width=\\"4\\" stroke-linecap=\\"butt\\" stroke-linejoin=\\"miter\\"><path d=\\"M7 7h13v13H7zM28 7h13v13H28zM7 28h13v13H7zM28 28h13v13H28z\\"></path></svg></span><span class=\\"arco-menu-title\\">Navigation 1</span><span class=\\"arco-menu-icon-suffix is-open\\"><svg viewBox=\\"0 0 48 48\\" fill=\\"none\\" xmlns=\\"http://www.w3.org/2000/svg\\" stroke=\\"currentColor\\" class=\\"arco-icon arco-icon-down\\" stroke-width=\\"4\\" stroke-linecap=\\"butt\\" stroke-linejoin=\\"miter\\"><path d=\\"M39.6 17.443 24.043 33 8.487 17.443\\"></path></svg></span>
        </div>
        <transition-stub>
          <div class=\\"arco-menu-inline-content\\">
            <div class=\\"arco-menu-item\\"><span class=\\"arco-menu-indent-list\\"><span class=\\"arco-menu-indent\\" style=\\"\\"></span></span><span class=\\"arco-menu-item-inner\\">Menu 1</span>
              <!---->
            </div>
            <div class=\\"arco-menu-item arco-menu-selected\\"><span class=\\"arco-menu-indent-list\\"><span class=\\"arco-menu-indent\\" style=\\"\\"></span></span><span class=\\"arco-menu-item-inner\\">Menu 2</span>
              <!---->
            </div>
            <div class=\\"arco-menu-item arco-menu-disabled\\"><span class=\\"arco-menu-indent-list\\"><span class=\\"arco-menu-indent\\" style=\\"\\"></span></span><span class=\\"arco-menu-item-inner\\"> Menu 3 </span>
              <!---->
            </div>
          </div>
        </transition-stub>
      </div>
      <div class=\\"arco-menu-inline\\">
        <div class=\\"arco-menu-inline-header arco-menu-has-icon\\">
          <!--v-if--><span class=\\"arco-menu-icon\\"><svg viewBox=\\"0 0 48 48\\" fill=\\"none\\" xmlns=\\"http://www.w3.org/2000/svg\\" stroke=\\"currentColor\\" class=\\"arco-icon arco-icon-bug\\" stroke-width=\\"4\\" stroke-linecap=\\"butt\\" stroke-linejoin=\\"miter\\"><path d=\\"M24 42c-6.075 0-11-4.925-11-11V18h22v13c0 6.075-4.925 11-11 11Zm0 0V23m11 4h8M5 27h8M7 14a4 4 0 0 0 4 4h26a4 4 0 0 0 4-4m0 28v-.5a6.5 6.5 0 0 0-6.5-6.5M7 42v-.5a6.5 6.5 0 0 1 6.5-6.5M17 14a7 7 0 1 1 14 0\\"></path></svg></span><span class=\\"arco-menu-title\\">Navigation 2</span><span class=\\"arco-menu-icon-suffix\\"><svg viewBox=\\"0 0 48 48\\" fill=\\"none\\" xmlns=\\"http://www.w3.org/2000/svg\\" stroke=\\"currentColor\\" class=\\"arco-icon arco-icon-down\\" stroke-width=\\"4\\" stroke-linecap=\\"butt\\" stroke-linejoin=\\"miter\\"><path d=\\"M39.6 17.443 24.043 33 8.487 17.443\\"></path></svg></span>
        </div>
        <transition-stub>
          <div class=\\"arco-menu-inline-content\\" style=\\"display: none;\\">
            <div class=\\"arco-menu-item\\"><span class=\\"arco-menu-indent-list\\"><span class=\\"arco-menu-indent\\" style=\\"\\"></span></span><span class=\\"arco-menu-item-inner\\">Menu 1</span>
              <!---->
            </div>
            <div class=\\"arco-menu-item\\"><span class=\\"arco-menu-indent-list\\"><span class=\\"arco-menu-indent\\" style=\\"\\"></span></span><span class=\\"arco-menu-item-inner\\">Menu 2</span>
              <!---->
            </div>
            <div class=\\"arco-menu-item\\"><span class=\\"arco-menu-indent-list\\"><span class=\\"arco-menu-indent\\" style=\\"\\"></span></span><span class=\\"arco-menu-item-inner\\">Menu 3</span>
              <!---->
            </div>
          </div>
        </transition-stub>
      </div>
      <div class=\\"arco-menu-inline\\">
        <div class=\\"arco-menu-inline-header arco-menu-has-icon\\">
          <!--v-if--><span class=\\"arco-menu-icon\\"><svg viewBox=\\"0 0 48 48\\" fill=\\"none\\" xmlns=\\"http://www.w3.org/2000/svg\\" stroke=\\"currentColor\\" class=\\"arco-icon arco-icon-bulb\\" stroke-width=\\"4\\" stroke-linecap=\\"butt\\" stroke-linejoin=\\"miter\\"><path d=\\"M17 42h14m6-24c0 2.823-.9 5.437-2.43 7.568-1.539 2.147-3.185 4.32-3.77 6.897l-.623 2.756A1 1 0 0 1 29.2 36H18.8a1 1 0 0 1-.976-.779l-.624-2.756c-.584-2.576-2.23-4.75-3.77-6.897A12.94 12.94 0 0 1 11 18c0-7.18 5.82-13 13-13s13 5.82 13 13Z\\"></path></svg></span><span class=\\"arco-menu-title\\">Navigation 3</span><span class=\\"arco-menu-icon-suffix\\"><svg viewBox=\\"0 0 48 48\\" fill=\\"none\\" xmlns=\\"http://www.w3.org/2000/svg\\" stroke=\\"currentColor\\" class=\\"arco-icon arco-icon-down\\" stroke-width=\\"4\\" stroke-linecap=\\"butt\\" stroke-linejoin=\\"miter\\"><path d=\\"M39.6 17.443 24.043 33 8.487 17.443\\"></path></svg></span>
        </div>
        <transition-stub>
          <div class=\\"arco-menu-inline-content\\" style=\\"display: none;\\">
            <div class=\\"arco-menu-item\\"><span class=\\"arco-menu-indent-list\\"><span class=\\"arco-menu-indent\\" style=\\"\\"></span></span><span class=\\"arco-menu-item-inner\\">Menu 1</span>
              <!---->
            </div>
            <div class=\\"arco-menu-item\\"><span class=\\"arco-menu-indent-list\\"><span class=\\"arco-menu-indent\\" style=\\"\\"></span></span><span class=\\"arco-menu-item-inner\\">Menu 2</span>
              <!---->
            </div>
            <div class=\\"arco-menu-item\\"><span class=\\"arco-menu-indent-list\\"><span class=\\"arco-menu-indent\\" style=\\"\\"></span></span><span class=\\"arco-menu-item-inner\\">Menu 3</span>
              <!---->
            </div>
          </div>
        </transition-stub>
      </div>
    </div>
    <div class=\\"arco-menu-collapse-button\\"><svg viewBox=\\"0 0 48 48\\" fill=\\"none\\" xmlns=\\"http://www.w3.org/2000/svg\\" stroke=\\"currentColor\\" class=\\"arco-icon arco-icon-menu-fold\\" stroke-width=\\"4\\" stroke-linecap=\\"butt\\" stroke-linejoin=\\"miter\\">
        <path d=\\"M42 11H6M42 24H22M42 37H6M13.66 26.912l-4.82-3.118 4.82-3.118v6.236Z\\"></path>
      </svg></div>
  </div>
</div>"
`;

exports[`<menu> demo: render [sub-menu] correctly 1`] = `
"<div class=\\"menu-demo\\">
  <div class=\\"arco-menu arco-menu-light arco-menu-vertical\\" style=\\"height: 100%; width: 200px;\\">
    <div class=\\"arco-menu-inner\\">
      <div class=\\"arco-menu-item\\" data-obj=\\"1\\">Menu 1
        <!---->
      </div>
      <div class=\\"arco-menu-inline\\">
        <div class=\\"arco-menu-inline-header arco-menu-has-icon\\">
          <!--v-if--><span class=\\"arco-menu-icon\\"><svg viewBox=\\"0 0 48 48\\" fill=\\"none\\" xmlns=\\"http://www.w3.org/2000/svg\\" stroke=\\"currentColor\\" class=\\"arco-icon arco-icon-apps\\" stroke-width=\\"4\\" stroke-linecap=\\"butt\\" stroke-linejoin=\\"miter\\"><path d=\\"M7 7h13v13H7zM28 7h13v13H28zM7 28h13v13H7zM28 28h13v13H28z\\"></path></svg></span><span class=\\"arco-menu-title\\">Navigation 1</span><span class=\\"arco-menu-icon-suffix is-open\\"><svg viewBox=\\"0 0 48 48\\" fill=\\"none\\" xmlns=\\"http://www.w3.org/2000/svg\\" stroke=\\"currentColor\\" class=\\"arco-icon arco-icon-down\\" stroke-width=\\"4\\" stroke-linecap=\\"butt\\" stroke-linejoin=\\"miter\\"><path d=\\"M39.6 17.443 24.043 33 8.487 17.443\\"></path></svg></span>
        </div>
        <transition-stub>
          <div class=\\"arco-menu-inline-content\\">
            <div class=\\"arco-menu-item\\"><span class=\\"arco-menu-indent-list\\"><span class=\\"arco-menu-indent\\" style=\\"\\"></span></span><span class=\\"arco-menu-item-inner\\">Menu 1</span>
              <!---->
            </div>
            <div class=\\"arco-menu-item arco-menu-selected\\"><span class=\\"arco-menu-indent-list\\"><span class=\\"arco-menu-indent\\" style=\\"\\"></span></span><span class=\\"arco-menu-item-inner\\">Menu 2</span>
              <!---->
            </div>
            <div class=\\"arco-menu-item arco-menu-disabled\\"><span class=\\"arco-menu-indent-list\\"><span class=\\"arco-menu-indent\\" style=\\"\\"></span></span><span class=\\"arco-menu-item-inner\\">Menu 3</span>
              <!---->
            </div>
          </div>
        </transition-stub>
      </div>
      <div class=\\"arco-menu-inline\\">
        <div class=\\"arco-menu-inline-header arco-menu-has-icon\\">
          <!--v-if--><span class=\\"arco-menu-icon\\"><svg viewBox=\\"0 0 48 48\\" fill=\\"none\\" xmlns=\\"http://www.w3.org/2000/svg\\" stroke=\\"currentColor\\" class=\\"arco-icon arco-icon-bug\\" stroke-width=\\"4\\" stroke-linecap=\\"butt\\" stroke-linejoin=\\"miter\\"><path d=\\"M24 42c-6.075 0-11-4.925-11-11V18h22v13c0 6.075-4.925 11-11 11Zm0 0V23m11 4h8M5 27h8M7 14a4 4 0 0 0 4 4h26a4 4 0 0 0 4-4m0 28v-.5a6.5 6.5 0 0 0-6.5-6.5M7 42v-.5a6.5 6.5 0 0 1 6.5-6.5M17 14a7 7 0 1 1 14 0\\"></path></svg></span><span class=\\"arco-menu-title\\">Navigation 2</span><span class=\\"arco-menu-icon-suffix\\"><svg viewBox=\\"0 0 48 48\\" fill=\\"none\\" xmlns=\\"http://www.w3.org/2000/svg\\" stroke=\\"currentColor\\" class=\\"arco-icon arco-icon-down\\" stroke-width=\\"4\\" stroke-linecap=\\"butt\\" stroke-linejoin=\\"miter\\"><path d=\\"M39.6 17.443 24.043 33 8.487 17.443\\"></path></svg></span>
        </div>
        <transition-stub>
          <div class=\\"arco-menu-inline-content\\" style=\\"display: none;\\">
            <div class=\\"arco-menu-item\\"><span class=\\"arco-menu-indent-list\\"><span class=\\"arco-menu-indent\\" style=\\"\\"></span></span><span class=\\"arco-menu-item-inner\\">Menu 1</span>
              <!---->
            </div>
            <div class=\\"arco-menu-item\\"><span class=\\"arco-menu-indent-list\\"><span class=\\"arco-menu-indent\\" style=\\"\\"></span></span><span class=\\"arco-menu-item-inner\\">Menu 2</span>
              <!---->
            </div>
            <div class=\\"arco-menu-item\\"><span class=\\"arco-menu-indent-list\\"><span class=\\"arco-menu-indent\\" style=\\"\\"></span></span><span class=\\"arco-menu-item-inner\\">Menu 3</span>
              <!---->
            </div>
          </div>
        </transition-stub>
      </div>
      <div class=\\"arco-menu-inline\\">
        <div class=\\"arco-menu-inline-header arco-menu-has-icon\\">
          <!--v-if--><span class=\\"arco-menu-icon\\"><svg viewBox=\\"0 0 48 48\\" fill=\\"none\\" xmlns=\\"http://www.w3.org/2000/svg\\" stroke=\\"currentColor\\" class=\\"arco-icon arco-icon-bulb\\" stroke-width=\\"4\\" stroke-linecap=\\"butt\\" stroke-linejoin=\\"miter\\"><path d=\\"M17 42h14m6-24c0 2.823-.9 5.437-2.43 7.568-1.539 2.147-3.185 4.32-3.77 6.897l-.623 2.756A1 1 0 0 1 29.2 36H18.8a1 1 0 0 1-.976-.779l-.624-2.756c-.584-2.576-2.23-4.75-3.77-6.897A12.94 12.94 0 0 1 11 18c0-7.18 5.82-13 13-13s13 5.82 13 13Z\\"></path></svg></span><span class=\\"arco-menu-title\\">Navigation 3</span><span class=\\"arco-menu-icon-suffix\\"><svg viewBox=\\"0 0 48 48\\" fill=\\"none\\" xmlns=\\"http://www.w3.org/2000/svg\\" stroke=\\"currentColor\\" class=\\"arco-icon arco-icon-down\\" stroke-width=\\"4\\" stroke-linecap=\\"butt\\" stroke-linejoin=\\"miter\\"><path d=\\"M39.6 17.443 24.043 33 8.487 17.443\\"></path></svg></span>
        </div>
        <transition-stub>
          <div class=\\"arco-menu-inline-content\\" style=\\"display: none;\\">
            <div class=\\"arco-menu-group\\">
              <div class=\\"arco-menu-group-title\\"><span class=\\"arco-menu-indent-list\\"><span class=\\"arco-menu-indent\\" style=\\"\\"></span></span>Menu Group 1</div>
              <div class=\\"arco-menu-item\\"><span class=\\"arco-menu-indent-list\\"><span class=\\"arco-menu-indent\\" style=\\"\\"></span></span><span class=\\"arco-menu-item-inner\\">Menu 1</span>
                <!---->
              </div>
              <div class=\\"arco-menu-item\\"><span class=\\"arco-menu-indent-list\\"><span class=\\"arco-menu-indent\\" style=\\"\\"></span></span><span class=\\"arco-menu-item-inner\\">Menu 2</span>
                <!---->
              </div>
            </div>
            <div class=\\"arco-menu-group\\">
              <div class=\\"arco-menu-group-title\\"><span class=\\"arco-menu-indent-list\\"><span class=\\"arco-menu-indent\\" style=\\"\\"></span></span>Menu Group 2</div>
              <div class=\\"arco-menu-item\\"><span class=\\"arco-menu-indent-list\\"><span class=\\"arco-menu-indent\\" style=\\"\\"></span></span><span class=\\"arco-menu-item-inner\\">Menu 3</span>
                <!---->
              </div>
              <div class=\\"arco-menu-item\\"><span class=\\"arco-menu-indent-list\\"><span class=\\"arco-menu-indent\\" style=\\"\\"></span></span><span class=\\"arco-menu-item-inner\\">Menu 4</span>
                <!---->
              </div>
            </div>
          </div>
        </transition-stub>
      </div>
    </div>
    <div class=\\"arco-menu-collapse-button\\"><svg viewBox=\\"0 0 48 48\\" fill=\\"none\\" xmlns=\\"http://www.w3.org/2000/svg\\" stroke=\\"currentColor\\" class=\\"arco-icon arco-icon-menu-fold\\" stroke-width=\\"4\\" stroke-linecap=\\"butt\\" stroke-linejoin=\\"miter\\">
        <path d=\\"M42 11H6M42 24H22M42 37H6M13.66 26.912l-4.82-3.118 4.82-3.118v6.236Z\\"></path>
      </svg></div>
  </div>
</div>"
`;
