// Jest Snapshot v1, https://goo.gl/fbAQLP

exports[`Cascader should render panel (multiple) 1`] = `
"<transition-group-stub>
  <div class=\\"arco-cascader-panel-column\\" style=\\"z-index: 2;\\">
    <ul role=\\"menu\\" class=\\"arco-cascader-list arco-cascader-list-multiple\\">
      <li tabindex=\\"0\\" role=\\"menuitem\\" aria-disabled=\\"false\\" aria-haspopup=\\"true\\" aria-expanded=\\"false\\" title=\\"Beijing\\" class=\\"arco-cascader-option\\"><label class=\\"arco-checkbox\\"><input type=\\"checkbox\\" class=\\"arco-checkbox-target\\"><span class=\\"arco-icon-hover arco-checkbox-icon-hover\\"><div class=\\"arco-checkbox-icon\\"><!----></div></span>
          <!---->
        </label>
        <!---->
        <div class=\\"arco-cascader-option-label\\">Beijing<svg viewBox=\\"0 0 48 48\\" fill=\\"none\\" xmlns=\\"http://www.w3.org/2000/svg\\" stroke=\\"currentColor\\" class=\\"arco-icon arco-icon-right\\" stroke-width=\\"4\\" stroke-linecap=\\"butt\\" stroke-linejoin=\\"miter\\">
            <path d=\\"m16 39.513 15.556-15.557L16 8.4\\"></path>
          </svg></div>
      </li>
      <li tabindex=\\"0\\" role=\\"menuitem\\" aria-disabled=\\"false\\" aria-haspopup=\\"true\\" aria-expanded=\\"false\\" title=\\"Shanghai\\" class=\\"arco-cascader-option\\"><label class=\\"arco-checkbox\\"><input type=\\"checkbox\\" class=\\"arco-checkbox-target\\"><span class=\\"arco-icon-hover arco-checkbox-icon-hover\\"><div class=\\"arco-checkbox-icon\\"><!----></div></span>
          <!---->
        </label>
        <!---->
        <div class=\\"arco-cascader-option-label\\">Shanghai<svg viewBox=\\"0 0 48 48\\" fill=\\"none\\" xmlns=\\"http://www.w3.org/2000/svg\\" stroke=\\"currentColor\\" class=\\"arco-icon arco-icon-right\\" stroke-width=\\"4\\" stroke-linecap=\\"butt\\" stroke-linejoin=\\"miter\\">
            <path d=\\"m16 39.513 15.556-15.557L16 8.4\\"></path>
          </svg></div>
      </li>
    </ul>
  </div>
</transition-group-stub>"
`;

exports[`Cascader should render panel (multiple) 2`] = `
"<transition-group-stub>
  <div class=\\"arco-cascader-panel-column\\" style=\\"z-index: 2;\\">
    <ul role=\\"menu\\" class=\\"arco-cascader-list arco-cascader-list-multiple\\">
      <li tabindex=\\"0\\" role=\\"menuitem\\" aria-disabled=\\"false\\" aria-haspopup=\\"true\\" aria-expanded=\\"true\\" title=\\"Beijing\\" class=\\"arco-cascader-option arco-cascader-option-active\\"><label class=\\"arco-checkbox\\"><input type=\\"checkbox\\" class=\\"arco-checkbox-target\\"><span class=\\"arco-icon-hover arco-checkbox-icon-hover\\"><div class=\\"arco-checkbox-icon\\"><!----></div></span>
          <!---->
        </label>
        <!---->
        <div class=\\"arco-cascader-option-label\\">Beijing<svg viewBox=\\"0 0 48 48\\" fill=\\"none\\" xmlns=\\"http://www.w3.org/2000/svg\\" stroke=\\"currentColor\\" class=\\"arco-icon arco-icon-right\\" stroke-width=\\"4\\" stroke-linecap=\\"butt\\" stroke-linejoin=\\"miter\\">
            <path d=\\"m16 39.513 15.556-15.557L16 8.4\\"></path>
          </svg></div>
      </li>
      <li tabindex=\\"0\\" role=\\"menuitem\\" aria-disabled=\\"false\\" aria-haspopup=\\"true\\" aria-expanded=\\"false\\" title=\\"Shanghai\\" class=\\"arco-cascader-option\\"><label class=\\"arco-checkbox\\"><input type=\\"checkbox\\" class=\\"arco-checkbox-target\\"><span class=\\"arco-icon-hover arco-checkbox-icon-hover\\"><div class=\\"arco-checkbox-icon\\"><!----></div></span>
          <!---->
        </label>
        <!---->
        <div class=\\"arco-cascader-option-label\\">Shanghai<svg viewBox=\\"0 0 48 48\\" fill=\\"none\\" xmlns=\\"http://www.w3.org/2000/svg\\" stroke=\\"currentColor\\" class=\\"arco-icon arco-icon-right\\" stroke-width=\\"4\\" stroke-linecap=\\"butt\\" stroke-linejoin=\\"miter\\">
            <path d=\\"m16 39.513 15.556-15.557L16 8.4\\"></path>
          </svg></div>
      </li>
    </ul>
  </div>
  <div class=\\"arco-cascader-panel-column\\" style=\\"z-index: 1;\\">
    <ul role=\\"menu\\" class=\\"arco-cascader-list arco-cascader-list-multiple\\">
      <li tabindex=\\"0\\" role=\\"menuitem\\" aria-disabled=\\"false\\" aria-haspopup=\\"false\\" aria-expanded=\\"false\\" title=\\"ChaoYang\\" class=\\"arco-cascader-option\\"><label class=\\"arco-checkbox\\"><input type=\\"checkbox\\" class=\\"arco-checkbox-target\\"><span class=\\"arco-icon-hover arco-checkbox-icon-hover\\"><div class=\\"arco-checkbox-icon\\"><!----></div></span>
          <!---->
        </label>
        <!---->
        <div class=\\"arco-cascader-option-label\\">ChaoYang
          <!---->
        </div>
      </li>
      <li tabindex=\\"0\\" role=\\"menuitem\\" aria-disabled=\\"false\\" aria-haspopup=\\"false\\" aria-expanded=\\"false\\" title=\\"Haidian\\" class=\\"arco-cascader-option\\"><label class=\\"arco-checkbox\\"><input type=\\"checkbox\\" class=\\"arco-checkbox-target\\"><span class=\\"arco-icon-hover arco-checkbox-icon-hover\\"><div class=\\"arco-checkbox-icon\\"><!----></div></span>
          <!---->
        </label>
        <!---->
        <div class=\\"arco-cascader-option-label\\">Haidian
          <!---->
        </div>
      </li>
    </ul>
  </div>
</transition-group-stub>"
`;

exports[`Cascader should render panel 1`] = `
"<transition-group-stub>
  <div class=\\"arco-cascader-panel-column\\" style=\\"z-index: 2;\\">
    <ul role=\\"menu\\" class=\\"arco-cascader-list\\">
      <li tabindex=\\"0\\" role=\\"menuitem\\" aria-disabled=\\"false\\" aria-haspopup=\\"true\\" aria-expanded=\\"false\\" title=\\"Beijing\\" class=\\"arco-cascader-option\\">
        <!---->
        <!---->
        <div class=\\"arco-cascader-option-label\\">Beijing<svg viewBox=\\"0 0 48 48\\" fill=\\"none\\" xmlns=\\"http://www.w3.org/2000/svg\\" stroke=\\"currentColor\\" class=\\"arco-icon arco-icon-right\\" stroke-width=\\"4\\" stroke-linecap=\\"butt\\" stroke-linejoin=\\"miter\\">
            <path d=\\"m16 39.513 15.556-15.557L16 8.4\\"></path>
          </svg></div>
      </li>
      <li tabindex=\\"0\\" role=\\"menuitem\\" aria-disabled=\\"false\\" aria-haspopup=\\"true\\" aria-expanded=\\"false\\" title=\\"Shanghai\\" class=\\"arco-cascader-option\\">
        <!---->
        <!---->
        <div class=\\"arco-cascader-option-label\\">Shanghai<svg viewBox=\\"0 0 48 48\\" fill=\\"none\\" xmlns=\\"http://www.w3.org/2000/svg\\" stroke=\\"currentColor\\" class=\\"arco-icon arco-icon-right\\" stroke-width=\\"4\\" stroke-linecap=\\"butt\\" stroke-linejoin=\\"miter\\">
            <path d=\\"m16 39.513 15.556-15.557L16 8.4\\"></path>
          </svg></div>
      </li>
    </ul>
  </div>
</transition-group-stub>"
`;

exports[`Cascader should render panel 2`] = `
"<transition-group-stub>
  <div class=\\"arco-cascader-panel-column\\" style=\\"z-index: 2;\\">
    <ul role=\\"menu\\" class=\\"arco-cascader-list\\">
      <li tabindex=\\"0\\" role=\\"menuitem\\" aria-disabled=\\"false\\" aria-haspopup=\\"true\\" aria-expanded=\\"true\\" title=\\"Beijing\\" class=\\"arco-cascader-option arco-cascader-option-active\\">
        <!---->
        <!---->
        <div class=\\"arco-cascader-option-label\\">Beijing<svg viewBox=\\"0 0 48 48\\" fill=\\"none\\" xmlns=\\"http://www.w3.org/2000/svg\\" stroke=\\"currentColor\\" class=\\"arco-icon arco-icon-right\\" stroke-width=\\"4\\" stroke-linecap=\\"butt\\" stroke-linejoin=\\"miter\\">
            <path d=\\"m16 39.513 15.556-15.557L16 8.4\\"></path>
          </svg></div>
      </li>
      <li tabindex=\\"0\\" role=\\"menuitem\\" aria-disabled=\\"false\\" aria-haspopup=\\"true\\" aria-expanded=\\"false\\" title=\\"Shanghai\\" class=\\"arco-cascader-option\\">
        <!---->
        <!---->
        <div class=\\"arco-cascader-option-label\\">Shanghai<svg viewBox=\\"0 0 48 48\\" fill=\\"none\\" xmlns=\\"http://www.w3.org/2000/svg\\" stroke=\\"currentColor\\" class=\\"arco-icon arco-icon-right\\" stroke-width=\\"4\\" stroke-linecap=\\"butt\\" stroke-linejoin=\\"miter\\">
            <path d=\\"m16 39.513 15.556-15.557L16 8.4\\"></path>
          </svg></div>
      </li>
    </ul>
  </div>
  <div class=\\"arco-cascader-panel-column\\" style=\\"z-index: 1;\\">
    <ul role=\\"menu\\" class=\\"arco-cascader-list\\">
      <li tabindex=\\"0\\" role=\\"menuitem\\" aria-disabled=\\"false\\" aria-haspopup=\\"false\\" aria-expanded=\\"false\\" title=\\"ChaoYang\\" class=\\"arco-cascader-option\\">
        <!---->
        <!---->
        <div class=\\"arco-cascader-option-label\\">ChaoYang
          <!---->
        </div>
      </li>
      <li tabindex=\\"0\\" role=\\"menuitem\\" aria-disabled=\\"false\\" aria-haspopup=\\"false\\" aria-expanded=\\"false\\" title=\\"Haidian\\" class=\\"arco-cascader-option\\">
        <!---->
        <!---->
        <div class=\\"arco-cascader-option-label\\">Haidian
          <!---->
        </div>
      </li>
    </ul>
  </div>
</transition-group-stub>"
`;

exports[`Cascader should render search panel 1`] = `
"<div class=\\"arco-cascader-panel arco-cascader-search-panel\\">
  <ul role=\\"menu\\" class=\\"arco-cascader-list arco-cascader-search-list\\">
    <li tabindex=\\"0\\" role=\\"menuitem\\" aria-disabled=\\"false\\" aria-haspopup=\\"false\\" aria-expanded=\\"false\\" title=\\"ChaoYang\\" class=\\"arco-cascader-option arco-cascader-search-option\\">
      <!---->
      <!---->
      <div class=\\"arco-cascader-option-label\\">Beijing / ChaoYang
        <!---->
      </div>
    </li>
    <li tabindex=\\"0\\" role=\\"menuitem\\" aria-disabled=\\"false\\" aria-haspopup=\\"false\\" aria-expanded=\\"false\\" title=\\"Haidian\\" class=\\"arco-cascader-option arco-cascader-search-option\\">
      <!---->
      <!---->
      <div class=\\"arco-cascader-option-label\\">Beijing / Haidian
        <!---->
      </div>
    </li>
    <li tabindex=\\"0\\" role=\\"menuitem\\" aria-disabled=\\"false\\" aria-haspopup=\\"false\\" aria-expanded=\\"false\\" title=\\"Huangpu\\" class=\\"arco-cascader-option arco-cascader-search-option\\">
      <!---->
      <!---->
      <div class=\\"arco-cascader-option-label\\">Shanghai / Huangpu
        <!---->
      </div>
    </li>
  </ul>
</div>"
`;
