// Jest Snapshot v1, https://goo.gl/fbAQLP

exports[`<calendar> demo: render [basic] correctly 1`] = `
"<div class=\\"arco-calendar arco-calendar-mode-month\\">
  <div class=\\"arco-calendar-header\\">
    <div class=\\"arco-calendar-header-left\\">
      <div class=\\"arco-calendar-header-icon\\" role=\\"button\\" tabindex=\\"0\\"><svg viewBox=\\"0 0 48 48\\" fill=\\"none\\" xmlns=\\"http://www.w3.org/2000/svg\\" stroke=\\"currentColor\\" class=\\"arco-icon arco-icon-left\\" stroke-width=\\"4\\" stroke-linecap=\\"butt\\" stroke-linejoin=\\"miter\\">
          <path d=\\"M32 8.4 16.444 23.956 32 39.513\\"></path>
        </svg></div>
      <div class=\\"arco-calendar-header-value\\">2023 年 01 月</div>
      <div role=\\"button\\" tabindex=\\"0\\" class=\\"arco-calendar-header-icon\\"><svg viewBox=\\"0 0 48 48\\" fill=\\"none\\" xmlns=\\"http://www.w3.org/2000/svg\\" stroke=\\"currentColor\\" class=\\"arco-icon arco-icon-right\\" stroke-width=\\"4\\" stroke-linecap=\\"butt\\" stroke-linejoin=\\"miter\\">
          <path d=\\"m16 39.513 15.556-15.557L16 8.4\\"></path>
        </svg></div><button class=\\"arco-btn arco-btn-secondary arco-btn-shape-square arco-btn-size-small arco-btn-status-normal\\" type=\\"button\\">
        <!--v-if-->今天
      </button>
    </div>
    <div class=\\"arco-calendar-header-right\\"><span class=\\"arco-radio-group-button arco-radio-group-size-small arco-radio-group-direction-horizontal\\"><label class=\\"arco-radio-button arco-radio-checked\\"><input type=\\"radio\\" class=\\"arco-radio-target\\" value=\\"month\\"><span class=\\"arco-radio-button-content\\">月</span></label><label class=\\"arco-radio-button\\"><input type=\\"radio\\" class=\\"arco-radio-target\\" value=\\"year\\"><span class=\\"arco-radio-button-content\\">年</span></label></span></div>
  </div>
  <div class=\\"arco-calendar-body\\">
    <div class=\\"arco-calendar-month\\">
      <div class=\\"arco-calendar-week-list\\">
        <div class=\\"arco-calendar-week-list-item\\">周日</div>
        <div class=\\"arco-calendar-week-list-item\\">周一</div>
        <div class=\\"arco-calendar-week-list-item\\">周二</div>
        <div class=\\"arco-calendar-week-list-item\\">周三</div>
        <div class=\\"arco-calendar-week-list-item\\">周四</div>
        <div class=\\"arco-calendar-week-list-item\\">周五</div>
        <div class=\\"arco-calendar-week-list-item\\">周六</div>
      </div>
      <div class=\\"arco-calendar-month-cell-body\\">
        <div class=\\"arco-calendar-month-row\\">
          <div class=\\"arco-calendar-cell arco-calendar-cell-in-view arco-calendar-cell-selected\\">
            <div class=\\"arco-calendar-date\\">
              <div class=\\"arco-calendar-date-value\\">
                <div class=\\"arco-calendar-date-circle\\">1</div>
              </div>
            </div>
          </div>
          <div class=\\"arco-calendar-cell arco-calendar-cell-in-view\\">
            <div class=\\"arco-calendar-date\\">
              <div class=\\"arco-calendar-date-value\\">
                <div class=\\"arco-calendar-date-circle\\">2</div>
              </div>
            </div>
          </div>
          <div class=\\"arco-calendar-cell arco-calendar-cell-in-view\\">
            <div class=\\"arco-calendar-date\\">
              <div class=\\"arco-calendar-date-value\\">
                <div class=\\"arco-calendar-date-circle\\">3</div>
              </div>
            </div>
          </div>
          <div class=\\"arco-calendar-cell arco-calendar-cell-in-view\\">
            <div class=\\"arco-calendar-date\\">
              <div class=\\"arco-calendar-date-value\\">
                <div class=\\"arco-calendar-date-circle\\">4</div>
              </div>
            </div>
          </div>
          <div class=\\"arco-calendar-cell arco-calendar-cell-in-view\\">
            <div class=\\"arco-calendar-date\\">
              <div class=\\"arco-calendar-date-value\\">
                <div class=\\"arco-calendar-date-circle\\">5</div>
              </div>
            </div>
          </div>
          <div class=\\"arco-calendar-cell arco-calendar-cell-in-view\\">
            <div class=\\"arco-calendar-date\\">
              <div class=\\"arco-calendar-date-value\\">
                <div class=\\"arco-calendar-date-circle\\">6</div>
              </div>
            </div>
          </div>
          <div class=\\"arco-calendar-cell arco-calendar-cell-in-view\\">
            <div class=\\"arco-calendar-date\\">
              <div class=\\"arco-calendar-date-value\\">
                <div class=\\"arco-calendar-date-circle\\">7</div>
              </div>
            </div>
          </div>
        </div>
        <div class=\\"arco-calendar-month-row\\">
          <div class=\\"arco-calendar-cell arco-calendar-cell-in-view\\">
            <div class=\\"arco-calendar-date\\">
              <div class=\\"arco-calendar-date-value\\">
                <div class=\\"arco-calendar-date-circle\\">8</div>
              </div>
            </div>
          </div>
          <div class=\\"arco-calendar-cell arco-calendar-cell-in-view\\">
            <div class=\\"arco-calendar-date\\">
              <div class=\\"arco-calendar-date-value\\">
                <div class=\\"arco-calendar-date-circle\\">9</div>
              </div>
            </div>
          </div>
          <div class=\\"arco-calendar-cell arco-calendar-cell-in-view\\">
            <div class=\\"arco-calendar-date\\">
              <div class=\\"arco-calendar-date-value\\">
                <div class=\\"arco-calendar-date-circle\\">10</div>
              </div>
            </div>
          </div>
          <div class=\\"arco-calendar-cell arco-calendar-cell-in-view\\">
            <div class=\\"arco-calendar-date\\">
              <div class=\\"arco-calendar-date-value\\">
                <div class=\\"arco-calendar-date-circle\\">11</div>
              </div>
            </div>
          </div>
          <div class=\\"arco-calendar-cell arco-calendar-cell-in-view\\">
            <div class=\\"arco-calendar-date\\">
              <div class=\\"arco-calendar-date-value\\">
                <div class=\\"arco-calendar-date-circle\\">12</div>
              </div>
            </div>
          </div>
          <div class=\\"arco-calendar-cell arco-calendar-cell-in-view\\">
            <div class=\\"arco-calendar-date\\">
              <div class=\\"arco-calendar-date-value\\">
                <div class=\\"arco-calendar-date-circle\\">13</div>
              </div>
            </div>
          </div>
          <div class=\\"arco-calendar-cell arco-calendar-cell-in-view\\">
            <div class=\\"arco-calendar-date\\">
              <div class=\\"arco-calendar-date-value\\">
                <div class=\\"arco-calendar-date-circle\\">14</div>
              </div>
            </div>
          </div>
        </div>
        <div class=\\"arco-calendar-month-row\\">
          <div class=\\"arco-calendar-cell arco-calendar-cell-in-view\\">
            <div class=\\"arco-calendar-date\\">
              <div class=\\"arco-calendar-date-value\\">
                <div class=\\"arco-calendar-date-circle\\">15</div>
              </div>
            </div>
          </div>
          <div class=\\"arco-calendar-cell arco-calendar-cell-in-view\\">
            <div class=\\"arco-calendar-date\\">
              <div class=\\"arco-calendar-date-value\\">
                <div class=\\"arco-calendar-date-circle\\">16</div>
              </div>
            </div>
          </div>
          <div class=\\"arco-calendar-cell arco-calendar-cell-in-view\\">
            <div class=\\"arco-calendar-date\\">
              <div class=\\"arco-calendar-date-value\\">
                <div class=\\"arco-calendar-date-circle\\">17</div>
              </div>
            </div>
          </div>
          <div class=\\"arco-calendar-cell arco-calendar-cell-in-view\\">
            <div class=\\"arco-calendar-date\\">
              <div class=\\"arco-calendar-date-value\\">
                <div class=\\"arco-calendar-date-circle\\">18</div>
              </div>
            </div>
          </div>
          <div class=\\"arco-calendar-cell arco-calendar-cell-in-view\\">
            <div class=\\"arco-calendar-date\\">
              <div class=\\"arco-calendar-date-value\\">
                <div class=\\"arco-calendar-date-circle\\">19</div>
              </div>
            </div>
          </div>
          <div class=\\"arco-calendar-cell arco-calendar-cell-in-view\\">
            <div class=\\"arco-calendar-date\\">
              <div class=\\"arco-calendar-date-value\\">
                <div class=\\"arco-calendar-date-circle\\">20</div>
              </div>
            </div>
          </div>
          <div class=\\"arco-calendar-cell arco-calendar-cell-in-view\\">
            <div class=\\"arco-calendar-date\\">
              <div class=\\"arco-calendar-date-value\\">
                <div class=\\"arco-calendar-date-circle\\">21</div>
              </div>
            </div>
          </div>
        </div>
        <div class=\\"arco-calendar-month-row\\">
          <div class=\\"arco-calendar-cell arco-calendar-cell-in-view\\">
            <div class=\\"arco-calendar-date\\">
              <div class=\\"arco-calendar-date-value\\">
                <div class=\\"arco-calendar-date-circle\\">22</div>
              </div>
            </div>
          </div>
          <div class=\\"arco-calendar-cell arco-calendar-cell-in-view\\">
            <div class=\\"arco-calendar-date\\">
              <div class=\\"arco-calendar-date-value\\">
                <div class=\\"arco-calendar-date-circle\\">23</div>
              </div>
            </div>
          </div>
          <div class=\\"arco-calendar-cell arco-calendar-cell-in-view\\">
            <div class=\\"arco-calendar-date\\">
              <div class=\\"arco-calendar-date-value\\">
                <div class=\\"arco-calendar-date-circle\\">24</div>
              </div>
            </div>
          </div>
          <div class=\\"arco-calendar-cell arco-calendar-cell-in-view\\">
            <div class=\\"arco-calendar-date\\">
              <div class=\\"arco-calendar-date-value\\">
                <div class=\\"arco-calendar-date-circle\\">25</div>
              </div>
            </div>
          </div>
          <div class=\\"arco-calendar-cell arco-calendar-cell-in-view\\">
            <div class=\\"arco-calendar-date\\">
              <div class=\\"arco-calendar-date-value\\">
                <div class=\\"arco-calendar-date-circle\\">26</div>
              </div>
            </div>
          </div>
          <div class=\\"arco-calendar-cell arco-calendar-cell-in-view\\">
            <div class=\\"arco-calendar-date\\">
              <div class=\\"arco-calendar-date-value\\">
                <div class=\\"arco-calendar-date-circle\\">27</div>
              </div>
            </div>
          </div>
          <div class=\\"arco-calendar-cell arco-calendar-cell-in-view\\">
            <div class=\\"arco-calendar-date\\">
              <div class=\\"arco-calendar-date-value\\">
                <div class=\\"arco-calendar-date-circle\\">28</div>
              </div>
            </div>
          </div>
        </div>
        <div class=\\"arco-calendar-month-row\\">
          <div class=\\"arco-calendar-cell arco-calendar-cell-in-view\\">
            <div class=\\"arco-calendar-date\\">
              <div class=\\"arco-calendar-date-value\\">
                <div class=\\"arco-calendar-date-circle\\">29</div>
              </div>
            </div>
          </div>
          <div class=\\"arco-calendar-cell arco-calendar-cell-in-view\\">
            <div class=\\"arco-calendar-date\\">
              <div class=\\"arco-calendar-date-value\\">
                <div class=\\"arco-calendar-date-circle\\">30</div>
              </div>
            </div>
          </div>
          <div class=\\"arco-calendar-cell arco-calendar-cell-in-view\\">
            <div class=\\"arco-calendar-date\\">
              <div class=\\"arco-calendar-date-value\\">
                <div class=\\"arco-calendar-date-circle\\">31</div>
              </div>
            </div>
          </div>
          <div class=\\"arco-calendar-cell\\">
            <div class=\\"arco-calendar-date\\">
              <div class=\\"arco-calendar-date-value\\">
                <div class=\\"arco-calendar-date-circle\\">1</div>
              </div>
            </div>
          </div>
          <div class=\\"arco-calendar-cell\\">
            <div class=\\"arco-calendar-date\\">
              <div class=\\"arco-calendar-date-value\\">
                <div class=\\"arco-calendar-date-circle\\">2</div>
              </div>
            </div>
          </div>
          <div class=\\"arco-calendar-cell\\">
            <div class=\\"arco-calendar-date\\">
              <div class=\\"arco-calendar-date-value\\">
                <div class=\\"arco-calendar-date-circle\\">3</div>
              </div>
            </div>
          </div>
          <div class=\\"arco-calendar-cell\\">
            <div class=\\"arco-calendar-date\\">
              <div class=\\"arco-calendar-date-value\\">
                <div class=\\"arco-calendar-date-circle\\">4</div>
              </div>
            </div>
          </div>
        </div>
        <div class=\\"arco-calendar-month-row\\">
          <div class=\\"arco-calendar-cell\\">
            <div class=\\"arco-calendar-date\\">
              <div class=\\"arco-calendar-date-value\\">
                <div class=\\"arco-calendar-date-circle\\">5</div>
              </div>
            </div>
          </div>
          <div class=\\"arco-calendar-cell\\">
            <div class=\\"arco-calendar-date\\">
              <div class=\\"arco-calendar-date-value\\">
                <div class=\\"arco-calendar-date-circle\\">6</div>
              </div>
            </div>
          </div>
          <div class=\\"arco-calendar-cell\\">
            <div class=\\"arco-calendar-date\\">
              <div class=\\"arco-calendar-date-value\\">
                <div class=\\"arco-calendar-date-circle\\">7</div>
              </div>
            </div>
          </div>
          <div class=\\"arco-calendar-cell\\">
            <div class=\\"arco-calendar-date\\">
              <div class=\\"arco-calendar-date-value\\">
                <div class=\\"arco-calendar-date-circle\\">8</div>
              </div>
            </div>
          </div>
          <div class=\\"arco-calendar-cell\\">
            <div class=\\"arco-calendar-date\\">
              <div class=\\"arco-calendar-date-value\\">
                <div class=\\"arco-calendar-date-circle\\">9</div>
              </div>
            </div>
          </div>
          <div class=\\"arco-calendar-cell\\">
            <div class=\\"arco-calendar-date\\">
              <div class=\\"arco-calendar-date-value\\">
                <div class=\\"arco-calendar-date-circle\\">10</div>
              </div>
            </div>
          </div>
          <div class=\\"arco-calendar-cell\\">
            <div class=\\"arco-calendar-date\\">
              <div class=\\"arco-calendar-date-value\\">
                <div class=\\"arco-calendar-date-circle\\">11</div>
              </div>
            </div>
          </div>
        </div>
      </div>
    </div>
  </div>
  <!---->
  <!---->
</div>
 select: Sun Jan 01 2023 08:00:00 GMT+0800 (China Standard Time)"
`;
