// Jest Snapshot v1, https://goo.gl/fbAQLP

exports[`Select show dropdown correctly 1`] = `"<body><div class=\\"arco-trigger-popup arco-trigger-position-bl\\" style=\\"z-index: 1001; pointer-events: auto; left: 0px; top: 4px; width: 0px;\\" trigger-placement=\\"bl\\"><transition-stub><div class=\\"arco-trigger-popup-wrapper\\" style=\\"transform-origin: 0 0;\\"><div class=\\"arco-trigger-content\\"><div class=\\"arco-select-dropdown\\"><!--v-if--><!--v-if--><div class=\\"arco-scrollbar arco-scrollbar-type-embed\\"><div class=\\"arco-scrollbar-container arco-select-dropdown-list-wrapper\\"><ul class=\\"arco-select-dropdown-list\\"><li class=\\"arco-select-option arco-select-option-active\\"><!--v-if--><span class=\\"arco-select-option-content\\">Beijing</span><!--v-if--></li><li class=\\"arco-select-option\\"><!--v-if--><span class=\\"arco-select-option-content\\">Shanghai</span><!--v-if--></li><li class=\\"arco-select-option\\"><!--v-if--><span class=\\"arco-select-option-content\\">Guangzhou</span><!--v-if--></li><li class=\\"arco-select-option\\"><!--v-if--><span class=\\"arco-select-option-content\\">Chengdu</span><!--v-if--></li></ul></div><!--v-if--><!--v-if--></div><!--v-if--></div></div><!----></div></transition-stub></div></body>"`;
