// Jest Snapshot v1, https://goo.gl/fbAQLP

exports[`Tooltip should render tooltip 1`] = `
"<button>Button</button>
<!--teleport start-->
<div class=\\"arco-trigger-popup arco-trigger-position-top arco-tooltip\\" style=\\"z-index: 1001;\\" trigger-placement=\\"top\\" role=\\"tooltip\\">
  <transition-stub>
    <div class=\\"arco-trigger-popup-wrapper\\">
      <div class=\\"arco-trigger-content arco-tooltip-content\\">content</div>
      <div class=\\"arco-trigger-arrow arco-tooltip-popup-arrow\\"></div>
    </div>
  </transition-stub>
</div>
<!--teleport end-->/n<button>Button</button>
<!--teleport start-->
<div class=\\"arco-trigger-popup arco-trigger-position-tl arco-tooltip\\" style=\\"z-index: 1002;\\" trigger-placement=\\"tl\\" role=\\"tooltip\\">
  <transition-stub>
    <div class=\\"arco-trigger-popup-wrapper\\">
      <div class=\\"arco-trigger-content arco-tooltip-content\\">content</div>
      <div class=\\"arco-trigger-arrow arco-tooltip-popup-arrow\\"></div>
    </div>
  </transition-stub>
</div>
<!--teleport end-->/n<button>Button</button>
<!--teleport start-->
<div class=\\"arco-trigger-popup arco-trigger-position-tr arco-tooltip\\" style=\\"z-index: 1003;\\" trigger-placement=\\"tr\\" role=\\"tooltip\\">
  <transition-stub>
    <div class=\\"arco-trigger-popup-wrapper\\">
      <div class=\\"arco-trigger-content arco-tooltip-content\\">content</div>
      <div class=\\"arco-trigger-arrow arco-tooltip-popup-arrow\\"></div>
    </div>
  </transition-stub>
</div>
<!--teleport end-->/n<button>Button</button>
<!--teleport start-->
<div class=\\"arco-trigger-popup arco-trigger-position-bottom arco-tooltip\\" style=\\"z-index: 1004;\\" trigger-placement=\\"bottom\\" role=\\"tooltip\\">
  <transition-stub>
    <div class=\\"arco-trigger-popup-wrapper\\">
      <div class=\\"arco-trigger-content arco-tooltip-content\\">content</div>
      <div class=\\"arco-trigger-arrow arco-tooltip-popup-arrow\\"></div>
    </div>
  </transition-stub>
</div>
<!--teleport end-->/n<button>Button</button>
<!--teleport start-->
<div class=\\"arco-trigger-popup arco-trigger-position-bl arco-tooltip\\" style=\\"z-index: 1005;\\" trigger-placement=\\"bl\\" role=\\"tooltip\\">
  <transition-stub>
    <div class=\\"arco-trigger-popup-wrapper\\">
      <div class=\\"arco-trigger-content arco-tooltip-content\\">content</div>
      <div class=\\"arco-trigger-arrow arco-tooltip-popup-arrow\\"></div>
    </div>
  </transition-stub>
</div>
<!--teleport end-->/n<button>Button</button>
<!--teleport start-->
<div class=\\"arco-trigger-popup arco-trigger-position-br arco-tooltip\\" style=\\"z-index: 1006;\\" trigger-placement=\\"br\\" role=\\"tooltip\\">
  <transition-stub>
    <div class=\\"arco-trigger-popup-wrapper\\">
      <div class=\\"arco-trigger-content arco-tooltip-content\\">content</div>
      <div class=\\"arco-trigger-arrow arco-tooltip-popup-arrow\\"></div>
    </div>
  </transition-stub>
</div>
<!--teleport end-->/n<button>Button</button>
<!--teleport start-->
<div class=\\"arco-trigger-popup arco-trigger-position-left arco-tooltip\\" style=\\"z-index: 1007;\\" trigger-placement=\\"left\\" role=\\"tooltip\\">
  <transition-stub>
    <div class=\\"arco-trigger-popup-wrapper\\">
      <div class=\\"arco-trigger-content arco-tooltip-content\\">content</div>
      <div class=\\"arco-trigger-arrow arco-tooltip-popup-arrow\\"></div>
    </div>
  </transition-stub>
</div>
<!--teleport end-->/n<button>Button</button>
<!--teleport start-->
<div class=\\"arco-trigger-popup arco-trigger-position-lt arco-tooltip\\" style=\\"z-index: 1008;\\" trigger-placement=\\"lt\\" role=\\"tooltip\\">
  <transition-stub>
    <div class=\\"arco-trigger-popup-wrapper\\">
      <div class=\\"arco-trigger-content arco-tooltip-content\\">content</div>
      <div class=\\"arco-trigger-arrow arco-tooltip-popup-arrow\\"></div>
    </div>
  </transition-stub>
</div>
<!--teleport end-->/n<button>Button</button>
<!--teleport start-->
<div class=\\"arco-trigger-popup arco-trigger-position-lb arco-tooltip\\" style=\\"z-index: 1009;\\" trigger-placement=\\"lb\\" role=\\"tooltip\\">
  <transition-stub>
    <div class=\\"arco-trigger-popup-wrapper\\">
      <div class=\\"arco-trigger-content arco-tooltip-content\\">content</div>
      <div class=\\"arco-trigger-arrow arco-tooltip-popup-arrow\\"></div>
    </div>
  </transition-stub>
</div>
<!--teleport end-->/n<button>Button</button>
<!--teleport start-->
<div class=\\"arco-trigger-popup arco-trigger-position-right arco-tooltip\\" style=\\"z-index: 1010;\\" trigger-placement=\\"right\\" role=\\"tooltip\\">
  <transition-stub>
    <div class=\\"arco-trigger-popup-wrapper\\">
      <div class=\\"arco-trigger-content arco-tooltip-content\\">content</div>
      <div class=\\"arco-trigger-arrow arco-tooltip-popup-arrow\\"></div>
    </div>
  </transition-stub>
</div>
<!--teleport end-->/n<button>Button</button>
<!--teleport start-->
<div class=\\"arco-trigger-popup arco-trigger-position-rt arco-tooltip\\" style=\\"z-index: 1011;\\" trigger-placement=\\"rt\\" role=\\"tooltip\\">
  <transition-stub>
    <div class=\\"arco-trigger-popup-wrapper\\">
      <div class=\\"arco-trigger-content arco-tooltip-content\\">content</div>
      <div class=\\"arco-trigger-arrow arco-tooltip-popup-arrow\\"></div>
    </div>
  </transition-stub>
</div>
<!--teleport end-->/n<button>Button</button>
<!--teleport start-->
<div class=\\"arco-trigger-popup arco-trigger-position-rb arco-tooltip\\" style=\\"z-index: 1012;\\" trigger-placement=\\"rb\\" role=\\"tooltip\\">
  <transition-stub>
    <div class=\\"arco-trigger-popup-wrapper\\">
      <div class=\\"arco-trigger-content arco-tooltip-content\\">content</div>
      <div class=\\"arco-trigger-arrow arco-tooltip-popup-arrow\\"></div>
    </div>
  </transition-stub>
</div>
<!--teleport end-->"
`;
