// Jest Snapshot v1, https://goo.gl/fbAQLP

exports[`Image Should show preview on click 1`] = `
"<div class=\\"arco-image arco-image-with-footer-inner\\"><img class=\\"arco-image-img\\" src=\\"http://it-does-not-matter.png/\\">
  <!--v-if-->
  <!--v-if-->
  <!--teleport start-->
  <div class=\\"arco-image-preview\\" style=\\"z-index: 1001; position: fixed; z-index: 1001;\\">
    <transition-stub>
      <div class=\\"arco-image-preview-mask\\"></div>
    </transition-stub>
    <div tabindex=\\"0\\" class=\\"arco-image-preview-wrapper\\">
      <!-- img -->
      <div class=\\"arco-image-preview-img-container\\" style=\\"transform: scale(1, 1);\\"><img src=\\"http://it-does-not-matter.png/\\" class=\\"arco-image-preview-img\\" style=\\"transform: translate(0px, 0px) rotate(0deg);\\"></div><!-- loading -->
      <div class=\\"arco-image-preview-loading\\"><svg viewBox=\\"0 0 48 48\\" fill=\\"none\\" xmlns=\\"http://www.w3.org/2000/svg\\" stroke=\\"currentColor\\" class=\\"arco-icon arco-icon-loading\\" stroke-width=\\"4\\" stroke-linecap=\\"butt\\" stroke-linejoin=\\"miter\\">
          <path d=\\"M42 24c0 9.941-8.059 18-18 18S6 33.941 6 24 14.059 6 24 6\\"></path>
        </svg></div><!-- scale value -->
      <transition-stub>
        <!--v-if-->
      </transition-stub><!-- toolbar -->
      <!--v-if-->
      <!-- close btn -->
      <div class=\\"arco-image-preview-close-btn\\"><svg viewBox=\\"0 0 48 48\\" fill=\\"none\\" xmlns=\\"http://www.w3.org/2000/svg\\" stroke=\\"currentColor\\" class=\\"arco-icon arco-icon-close\\" stroke-width=\\"4\\" stroke-linecap=\\"butt\\" stroke-linejoin=\\"miter\\">
          <path d=\\"M9.857 9.858 24 24m0 0 14.142 14.142M24 24 38.142 9.858M24 24 9.857 38.142\\"></path>
        </svg></div><!-- group arrow -->
      <!--v-if-->
    </div>
  </div>
  <!--teleport end-->
</div>"
`;
