// Jest Snapshot v1, https://goo.gl/fbAQLP

exports[`<config-provider> demo: render [basic] correctly 1`] = `
"<span class=\\"arco-radio-group-button arco-radio-group-size-undefined arco-radio-group-direction-horizontal\\"><label class=\\"arco-radio-button\\"><input type=\\"radio\\" class=\\"arco-radio-target\\" value=\\"zh-CN\\"><span class=\\"arco-radio-button-content\\">zh-CN</span></label><label class=\\"arco-radio-button\\"><input type=\\"radio\\" class=\\"arco-radio-target\\" value=\\"en-US\\"><span class=\\"arco-radio-button-content\\">en-US</span></label><label class=\\"arco-radio-button arco-radio-checked\\"><input type=\\"radio\\" class=\\"arco-radio-target\\" value=\\"es-ES\\"><span class=\\"arco-radio-button-content\\">es-ES</span></label><label class=\\"arco-radio-button\\"><input type=\\"radio\\" class=\\"arco-radio-target\\" value=\\"ja-JP\\"><span class=\\"arco-radio-button-content\\">ja-JP</span></label><label class=\\"arco-radio-button\\"><input type=\\"radio\\" class=\\"arco-radio-target\\" value=\\"id-ID\\"><span class=\\"arco-radio-button-content\\">id-ID</span></label><label class=\\"arco-radio-button\\"><input type=\\"radio\\" class=\\"arco-radio-target\\" value=\\"fr-FR\\"><span class=\\"arco-radio-button-content\\">fr-FR</span></label><label class=\\"arco-radio-button\\"><input type=\\"radio\\" class=\\"arco-radio-target\\" value=\\"pt-PT\\"><span class=\\"arco-radio-button-content\\">pt-PT</span></label><label class=\\"arco-radio-button\\"><input type=\\"radio\\" class=\\"arco-radio-target\\" value=\\"de-DE\\"><span class=\\"arco-radio-button-content\\">de-DE</span></label><label class=\\"arco-radio-button\\"><input type=\\"radio\\" class=\\"arco-radio-target\\" value=\\"ko-KR\\"><span class=\\"arco-radio-button-content\\">ko-KR</span></label><label class=\\"arco-radio-button\\"><input type=\\"radio\\" class=\\"arco-radio-target\\" value=\\"it-IT\\"><span class=\\"arco-radio-button-content\\">it-IT</span></label><label class=\\"arco-radio-button\\"><input type=\\"radio\\" class=\\"arco-radio-target\\" value=\\"th-TH\\"><span class=\\"arco-radio-button-content\\">th-TH</span></label></span>
<div>
  <div class=\\"arco-pagination arco-pagination-size-medium\\" style=\\"margin-top: 20px; margin-bottom: 20px;\\"><span class=\\"arco-pagination-total\\">50 en total</span>
    <ul class=\\"arco-pagination-list\\"><span class=\\"arco-pagination-item arco-pagination-item-previous arco-pagination-item-disabled\\"><svg viewBox=\\"0 0 48 48\\" fill=\\"none\\" xmlns=\\"http://www.w3.org/2000/svg\\" stroke=\\"currentColor\\" class=\\"arco-icon arco-icon-left\\" stroke-width=\\"4\\" stroke-linecap=\\"butt\\" stroke-linejoin=\\"miter\\"><path d=\\"M32 8.4 16.444 23.956 32 39.513\\"></path></svg></span>
      <li class=\\"arco-pagination-item arco-pagination-item-active\\" pages=\\"5\\">1</li>
      <li class=\\"arco-pagination-item\\" pages=\\"5\\">2</li>
      <li class=\\"arco-pagination-item\\" pages=\\"5\\">3</li>
      <li class=\\"arco-pagination-item\\" pages=\\"5\\">4</li>
      <li class=\\"arco-pagination-item\\" pages=\\"5\\">5</li>
      <!----><span class=\\"arco-pagination-item arco-pagination-item-next\\"><svg viewBox=\\"0 0 48 48\\" fill=\\"none\\" xmlns=\\"http://www.w3.org/2000/svg\\" stroke=\\"currentColor\\" class=\\"arco-icon arco-icon-right\\" stroke-width=\\"4\\" stroke-linecap=\\"butt\\" stroke-linejoin=\\"miter\\"><path d=\\"m16 39.513 15.556-15.557L16 8.4\\"></path></svg></span>
    </ul><span class=\\"arco-pagination-options\\"><span class=\\"arco-select-view-single arco-select arco-select-view arco-select-view-size-medium\\"><!----><input class=\\"arco-select-view-input arco-select-view-input-hidden\\" readonly=\\"\\"><span class=\\"arco-select-view-value\\">10 / p√°gina</span><span class=\\"arco-select-view-suffix\\"><!----><span class=\\"arco-select-view-icon\\"><svg viewBox=\\"0 0 48 48\\" fill=\\"none\\" xmlns=\\"http://www.w3.org/2000/svg\\" stroke=\\"currentColor\\" class=\\"arco-icon arco-icon-down arco-select-view-arrow-icon\\" stroke-width=\\"4\\" stroke-linecap=\\"butt\\" stroke-linejoin=\\"miter\\"><path d=\\"M39.6 17.443 24.043 33 8.487 17.443\\"></path></svg></span>
    <!----></span></span>
    <!----></span><span class=\\"arco-pagination-jumper\\"><span class=\\"arco-pagination-jumper-prepend arco-pagination-jumper-text-goto\\">Ir a</span><span class=\\"arco-input-wrapper arco-input-number arco-input-number-mode-embed arco-input-number-size-medium arco-pagination-jumper-input\\"><!----><input role=\\"spinbutton\\" aria-valuemax=\\"5\\" aria-valuemin=\\"1\\" aria-valuenow=\\"\\" class=\\"arco-input arco-input-size-medium\\" type=\\"text\\"><!----><!----></span>
    <!--v-if-->
    <!--v-if--></span>
  </div>
</div>
<div class=\\"arco-space arco-space-horizontal arco-space-align-center\\" style=\\"margin-bottom: 20px;\\">
  <!---->
  <div class=\\"arco-space-item\\" style=\\"margin-right: 20px;\\">
    <div class=\\"arco-picker arco-picker-range arco-picker-size-medium\\" style=\\"width: 300px;\\" visible=\\"false\\">
      <!--v-if-->
      <div class=\\"arco-picker-input arco-picker-input-active\\"><input placeholder=\\"Fecha inicial\\"></div><span class=\\"arco-picker-separator\\">-</span>
      <div class=\\"arco-picker-input\\"><input placeholder=\\"Fecha final\\"></div>
      <div class=\\"arco-picker-suffix\\">
        <!--v-if--><span class=\\"arco-picker-suffix-icon\\"><svg viewBox=\\"0 0 48 48\\" fill=\\"none\\" xmlns=\\"http://www.w3.org/2000/svg\\" stroke=\\"currentColor\\" class=\\"arco-icon arco-icon-calendar\\" stroke-width=\\"4\\" stroke-linecap=\\"butt\\" stroke-linejoin=\\"miter\\"><path d=\\"M7 22h34M14 5v8m20-8v8M8 41h32a1 1 0 0 0 1-1V10a1 1 0 0 0-1-1H8a1 1 0 0 0-1 1v30a1 1 0 0 0 1 1Z\\"></path></svg></span>
        <!--v-if-->
      </div>
    </div>
    <!---->
  </div>
  <!---->
  <div class=\\"arco-space-item\\" style=\\"margin-right: 20px;\\">
    <div class=\\"arco-picker arco-picker-range arco-picker-size-medium\\" style=\\"width: 300px;\\" visible=\\"false\\" editable=\\"true\\">
      <!--v-if-->
      <div class=\\"arco-picker-input arco-picker-input-active\\"><input placeholder=\\"Seleccionar hora\\"></div><span class=\\"arco-picker-separator\\"> - </span>
      <div class=\\"arco-picker-input\\"><input placeholder=\\"Seleccionar hora\\"></div>
      <div class=\\"arco-picker-suffix\\">
        <!--v-if--><span class=\\"arco-picker-suffix-icon\\"><svg viewBox=\\"0 0 48 48\\" fill=\\"none\\" xmlns=\\"http://www.w3.org/2000/svg\\" stroke=\\"currentColor\\" class=\\"arco-icon arco-icon-clock-circle\\" stroke-width=\\"4\\" stroke-linecap=\\"butt\\" stroke-linejoin=\\"miter\\"><path d=\\"M24 14v10h9.5m8.5 0c0 9.941-8.059 18-18 18S6 33.941 6 24 14.059 6 24 6s18 8.059 18 18Z\\"></path></svg></span>
        <!--v-if-->
      </div>
    </div>
    <!---->
  </div>
  <!---->
  <div class=\\"arco-space-item\\"><button class=\\"arco-btn arco-btn-primary arco-btn-shape-square arco-btn-size-medium arco-btn-status-normal\\" type=\\"button\\">
      <!--v-if-->Popconfirm
    </button>
    <!---->
  </div>
</div>"
`;

exports[`<config-provider> demo: render [empty] correctly 1`] = `
"<div class=\\"arco-table arco-table-size-large arco-table-border arco-table-hover arco-table-empty\\">
  <!---->
  <div class=\\"arco-spin\\">
    <!---->
    <div class=\\"arco-table-container\\">
      <div class=\\"arco-scrollbar arco-scrollbar-type-embed\\" style=\\"height: 100%;\\">
        <div class=\\"arco-scrollbar-container arco-table-content arco-table-content-scroll-x\\">
          <table class=\\"arco-table-element\\" cellpadding=\\"0\\" cellspacing=\\"0\\">
            <colgroup>
              <col>
              <col>
              <col>
              <col>
            </colgroup>
            <thead>
              <tr class=\\"arco-table-tr\\">
                <th class=\\"arco-table-th\\"><span class=\\"arco-table-cell arco-table-cell-align-left\\"><span class=\\"arco-table-th-title\\">Name</span>
                  <!---->
                  <!----></span>
                  <!---->
                  <!---->
                </th>
                <th class=\\"arco-table-th\\"><span class=\\"arco-table-cell arco-table-cell-align-left\\"><span class=\\"arco-table-th-title\\">Salary</span>
                  <!---->
                  <!----></span>
                  <!---->
                  <!---->
                </th>
                <th class=\\"arco-table-th\\"><span class=\\"arco-table-cell arco-table-cell-align-left\\"><span class=\\"arco-table-th-title\\">Address</span>
                  <!---->
                  <!----></span>
                  <!---->
                  <!---->
                </th>
                <th class=\\"arco-table-th\\"><span class=\\"arco-table-cell arco-table-cell-align-left\\"><span class=\\"arco-table-th-title\\">Email</span>
                  <!---->
                  <!----></span>
                  <!---->
                  <!---->
                </th>
              </tr>
            </thead>
            <tbody>
              <tr class=\\"arco-table-tr arco-table-tr-empty\\">
                <td class=\\"arco-table-td\\" colspan=\\"4\\"><span class=\\"arco-table-cell arco-table-cell-align-left\\"><!----><!----><span class=\\"arco-table-td-content\\"><div class=\\"my-empty\\"><svg viewBox=\\"0 0 48 48\\" fill=\\"none\\" xmlns=\\"http://www.w3.org/2000/svg\\" stroke=\\"currentColor\\" class=\\"arco-icon arco-icon-trophy\\" stroke-width=\\"4\\" stroke-linecap=\\"butt\\" stroke-linejoin=\\"miter\\"><path d=\\"M24 33c-6.075 0-11-4.925-11-11m11 11c6.075 0 11-4.925 11-11M24 33v8M13 22V7h22v15m-22 0V9H7v7a6 6 0 0 0 6 6Zm22 0V9h6v7a6 6 0 0 1-6 6ZM12 41h24\\"></path></svg></div></span></span></td>
              </tr>
            </tbody>
            <!---->
          </table>
        </div>
        <!--v-if-->
        <!--v-if-->
      </div>
    </div>
    <!---->
    <!---->
    <!---->
  </div>
</div>"
`;
